<?xml version="1.0" encoding="ISO-8859-1" ?>
<link_info>
   <banner>TI ARM Linker PC v20.2.7.LTS</banner>
   <copyright>Copyright (c) 1996-2018 Texas Instruments Incorporated</copyright>
   <link_time>0x64eebe6e</link_time>
   <link_errors>0x0</link_errors>
   <output_file>uartecho_MSP_EXP432E401Y_nortos_ccs.out</output_file>
   <entry_point>
      <name>resetISR</name>
      <address>0x4555</address>
   </entry_point>
   <input_file_list>
      <input_file id="fl-2">
         <path>.\</path>
         <kind>object</kind>
         <file>main_nortos.obj</file>
         <name>main_nortos.obj</name>
      </input_file>
      <input_file id="fl-3">
         <path>.\</path>
         <kind>object</kind>
         <file>uartecho.obj</file>
         <name>uartecho.obj</name>
      </input_file>
      <input_file id="fl-4">
         <path>.\syscfg\</path>
         <kind>object</kind>
         <file>ti_drivers_config.obj</file>
         <name>ti_drivers_config.obj</name>
      </input_file>
      <input_file id="fl-f">
         <kind>object</kind>
         <file>&lt;internal&gt;</file>
         <name>&lt;internal&gt;</name>
      </input_file>
      <input_file id="fl-10">
         <path>C:\ti\simplelink_msp432e4_sdk_4_20_00_12\source\ti\drivers\lib\</path>
         <kind>archive</kind>
         <file>drivers_msp432e4.aem4f</file>
         <name>GPIOMSP432E4.oem4f</name>
      </input_file>
      <input_file id="fl-11">
         <path>C:\ti\simplelink_msp432e4_sdk_4_20_00_12\source\ti\drivers\lib\</path>
         <kind>archive</kind>
         <file>drivers_msp432e4.aem4f</file>
         <name>PowerMSP432E4.oem4f</name>
      </input_file>
      <input_file id="fl-12">
         <path>C:\ti\simplelink_msp432e4_sdk_4_20_00_12\source\ti\drivers\lib\</path>
         <kind>archive</kind>
         <file>drivers_msp432e4.aem4f</file>
         <name>UART.oem4f</name>
      </input_file>
      <input_file id="fl-13">
         <path>C:\ti\simplelink_msp432e4_sdk_4_20_00_12\source\ti\drivers\lib\</path>
         <kind>archive</kind>
         <file>drivers_msp432e4.aem4f</file>
         <name>UARTMSP432E4.oem4f</name>
      </input_file>
      <input_file id="fl-14">
         <path>C:\ti\simplelink_msp432e4_sdk_4_20_00_12\source\ti\drivers\lib\</path>
         <kind>archive</kind>
         <file>drivers_msp432e4.aem4f</file>
         <name>RingBuf.oem4f</name>
      </input_file>
      <input_file id="fl-15">
         <path>C:\ti\simplelink_msp432e4_sdk_4_20_00_12\kernel\nortos\lib\</path>
         <kind>archive</kind>
         <file>nortos_msp432e4.aem4f</file>
         <name>NoRTOS.oem4f</name>
      </input_file>
      <input_file id="fl-16">
         <path>C:\ti\simplelink_msp432e4_sdk_4_20_00_12\kernel\nortos\lib\</path>
         <kind>archive</kind>
         <file>nortos_msp432e4.aem4f</file>
         <name>SemaphoreP_nortos.oem4f</name>
      </input_file>
      <input_file id="fl-17">
         <path>C:\ti\simplelink_msp432e4_sdk_4_20_00_12\kernel\nortos\lib\</path>
         <kind>archive</kind>
         <file>nortos_msp432e4.aem4f</file>
         <name>ClockPSysTick_nortos.oem4f</name>
      </input_file>
      <input_file id="fl-18">
         <path>C:\ti\simplelink_msp432e4_sdk_4_20_00_12\kernel\nortos\lib\</path>
         <kind>archive</kind>
         <file>nortos_msp432e4.aem4f</file>
         <name>HwiPMSP432E4_nortos.oem4f</name>
      </input_file>
      <input_file id="fl-19">
         <path>C:\ti\simplelink_msp432e4_sdk_4_20_00_12\kernel\nortos\lib\</path>
         <kind>archive</kind>
         <file>nortos_msp432e4.aem4f</file>
         <name>PowerMSP432E4_nortos.oem4f</name>
      </input_file>
      <input_file id="fl-1a">
         <path>C:\ti\simplelink_msp432e4_sdk_4_20_00_12\kernel\nortos\lib\</path>
         <kind>archive</kind>
         <file>nortos_msp432e4.aem4f</file>
         <name>startup_msp432e4_ccs.oem4f</name>
      </input_file>
      <input_file id="fl-1b">
         <path>C:\ti\simplelink_msp432e4_sdk_4_20_00_12\source\ti\devices\msp432e4\driverlib\lib\ccs\m4f\</path>
         <kind>archive</kind>
         <file>msp432e4_driverlib.a</file>
         <name>fpu.o</name>
      </input_file>
      <input_file id="fl-1c">
         <path>C:\ti\simplelink_msp432e4_sdk_4_20_00_12\source\ti\devices\msp432e4\driverlib\lib\ccs\m4f\</path>
         <kind>archive</kind>
         <file>msp432e4_driverlib.a</file>
         <name>gpio.o</name>
      </input_file>
      <input_file id="fl-1d">
         <path>C:\ti\simplelink_msp432e4_sdk_4_20_00_12\source\ti\devices\msp432e4\driverlib\lib\ccs\m4f\</path>
         <kind>archive</kind>
         <file>msp432e4_driverlib.a</file>
         <name>interrupt.o</name>
      </input_file>
      <input_file id="fl-1e">
         <path>C:\ti\simplelink_msp432e4_sdk_4_20_00_12\source\ti\devices\msp432e4\driverlib\lib\ccs\m4f\</path>
         <kind>archive</kind>
         <file>msp432e4_driverlib.a</file>
         <name>sysctl.o</name>
      </input_file>
      <input_file id="fl-1f">
         <path>C:\ti\simplelink_msp432e4_sdk_4_20_00_12\source\ti\devices\msp432e4\driverlib\lib\ccs\m4f\</path>
         <kind>archive</kind>
         <file>msp432e4_driverlib.a</file>
         <name>uart.o</name>
      </input_file>
      <input_file id="fl-20">
         <path>C:\ti\simplelink_msp432e4_sdk_4_20_00_12\source\ti\devices\msp432e4\driverlib\lib\ccs\m4f\</path>
         <kind>archive</kind>
         <file>msp432e4_driverlib.a</file>
         <name>cpu.o</name>
      </input_file>
      <input_file id="fl-d6">
         <path>D:\code composer\ccs\tools\compiler\ti-cgt-arm_20.2.7.LTS\lib\</path>
         <kind>archive</kind>
         <file>rtsv7M4_T_le_v4SPD16_eabi.lib</file>
         <name>sprintf.c.obj</name>
      </input_file>
      <input_file id="fl-d7">
         <path>D:\code composer\ccs\tools\compiler\ti-cgt-arm_20.2.7.LTS\lib\</path>
         <kind>archive</kind>
         <file>rtsv7M4_T_le_v4SPD16_eabi.lib</file>
         <name>ll_mul_t2.asm.obj</name>
      </input_file>
      <input_file id="fl-d8">
         <path>D:\code composer\ccs\tools\compiler\ti-cgt-arm_20.2.7.LTS\lib\</path>
         <kind>archive</kind>
         <file>rtsv7M4_T_le_v4SPD16_eabi.lib</file>
         <name>memcpy_t2.asm.obj</name>
      </input_file>
      <input_file id="fl-d9">
         <path>D:\code composer\ccs\tools\compiler\ti-cgt-arm_20.2.7.LTS\lib\</path>
         <kind>archive</kind>
         <file>rtsv7M4_T_le_v4SPD16_eabi.lib</file>
         <name>memset_t2.asm.obj</name>
      </input_file>
      <input_file id="fl-da">
         <path>D:\code composer\ccs\tools\compiler\ti-cgt-arm_20.2.7.LTS\lib\</path>
         <kind>archive</kind>
         <file>rtsv7M4_T_le_v4SPD16_eabi.lib</file>
         <name>ull_div_t2.asm.obj</name>
      </input_file>
      <input_file id="fl-db">
         <path>D:\code composer\ccs\tools\compiler\ti-cgt-arm_20.2.7.LTS\lib\</path>
         <kind>archive</kind>
         <file>rtsv7M4_T_le_v4SPD16_eabi.lib</file>
         <name>copy_zero_init.c.obj</name>
      </input_file>
      <input_file id="fl-dc">
         <path>D:\code composer\ccs\tools\compiler\ti-cgt-arm_20.2.7.LTS\lib\</path>
         <kind>archive</kind>
         <file>rtsv7M4_T_le_v4SPD16_eabi.lib</file>
         <name>copy_decompress_none.c.obj</name>
      </input_file>
      <input_file id="fl-dd">
         <path>D:\code composer\ccs\tools\compiler\ti-cgt-arm_20.2.7.LTS\lib\</path>
         <kind>archive</kind>
         <file>rtsv7M4_T_le_v4SPD16_eabi.lib</file>
         <name>copy_decompress_lzss.c.obj</name>
      </input_file>
      <input_file id="fl-de">
         <path>D:\code composer\ccs\tools\compiler\ti-cgt-arm_20.2.7.LTS\lib\</path>
         <kind>archive</kind>
         <file>rtsv7M4_T_le_v4SPD16_eabi.lib</file>
         <name>memory.c.obj</name>
      </input_file>
      <input_file id="fl-df">
         <path>D:\code composer\ccs\tools\compiler\ti-cgt-arm_20.2.7.LTS\lib\</path>
         <kind>archive</kind>
         <file>rtsv7M4_T_le_v4SPD16_eabi.lib</file>
         <name>strcmp.c.obj</name>
      </input_file>
      <input_file id="fl-e0">
         <path>D:\code composer\ccs\tools\compiler\ti-cgt-arm_20.2.7.LTS\lib\</path>
         <kind>archive</kind>
         <file>rtsv7M4_T_le_v4SPD16_eabi.lib</file>
         <name>strlen.c.obj</name>
      </input_file>
      <input_file id="fl-e1">
         <path>D:\code composer\ccs\tools\compiler\ti-cgt-arm_20.2.7.LTS\lib\</path>
         <kind>archive</kind>
         <file>rtsv7M4_T_le_v4SPD16_eabi.lib</file>
         <name>boot_cortex_m.c.obj</name>
      </input_file>
      <input_file id="fl-e2">
         <path>D:\code composer\ccs\tools\compiler\ti-cgt-arm_20.2.7.LTS\lib\</path>
         <kind>archive</kind>
         <file>rtsv7M4_T_le_v4SPD16_eabi.lib</file>
         <name>_printfi.c.obj</name>
      </input_file>
      <input_file id="fl-e3">
         <path>D:\code composer\ccs\tools\compiler\ti-cgt-arm_20.2.7.LTS\lib\</path>
         <kind>archive</kind>
         <file>rtsv7M4_T_le_v4SPD16_eabi.lib</file>
         <name>div0.asm.obj</name>
      </input_file>
      <input_file id="fl-e4">
         <path>D:\code composer\ccs\tools\compiler\ti-cgt-arm_20.2.7.LTS\lib\</path>
         <kind>archive</kind>
         <file>rtsv7M4_T_le_v4SPD16_eabi.lib</file>
         <name>fd_add_t2.asm.obj</name>
      </input_file>
      <input_file id="fl-e5">
         <path>D:\code composer\ccs\tools\compiler\ti-cgt-arm_20.2.7.LTS\lib\</path>
         <kind>archive</kind>
         <file>rtsv7M4_T_le_v4SPD16_eabi.lib</file>
         <name>fd_cmp_t2.asm.obj</name>
      </input_file>
      <input_file id="fl-e6">
         <path>D:\code composer\ccs\tools\compiler\ti-cgt-arm_20.2.7.LTS\lib\</path>
         <kind>archive</kind>
         <file>rtsv7M4_T_le_v4SPD16_eabi.lib</file>
         <name>fd_div_t2.asm.obj</name>
      </input_file>
      <input_file id="fl-e7">
         <path>D:\code composer\ccs\tools\compiler\ti-cgt-arm_20.2.7.LTS\lib\</path>
         <kind>archive</kind>
         <file>rtsv7M4_T_le_v4SPD16_eabi.lib</file>
         <name>fd_mul_t2.asm.obj</name>
      </input_file>
      <input_file id="fl-e8">
         <path>D:\code composer\ccs\tools\compiler\ti-cgt-arm_20.2.7.LTS\lib\</path>
         <kind>archive</kind>
         <file>rtsv7M4_T_le_v4SPD16_eabi.lib</file>
         <name>fd_toi_t2.asm.obj</name>
      </input_file>
      <input_file id="fl-e9">
         <path>D:\code composer\ccs\tools\compiler\ti-cgt-arm_20.2.7.LTS\lib\</path>
         <kind>archive</kind>
         <file>rtsv7M4_T_le_v4SPD16_eabi.lib</file>
         <name>i_tofd_t2.asm.obj</name>
      </input_file>
      <input_file id="fl-ea">
         <path>D:\code composer\ccs\tools\compiler\ti-cgt-arm_20.2.7.LTS\lib\</path>
         <kind>archive</kind>
         <file>rtsv7M4_T_le_v4SPD16_eabi.lib</file>
         <name>autoinit.c.obj</name>
      </input_file>
      <input_file id="fl-eb">
         <path>D:\code composer\ccs\tools\compiler\ti-cgt-arm_20.2.7.LTS\lib\</path>
         <kind>archive</kind>
         <file>rtsv7M4_T_le_v4SPD16_eabi.lib</file>
         <name>pre_init.c.obj</name>
      </input_file>
      <input_file id="fl-ec">
         <path>D:\code composer\ccs\tools\compiler\ti-cgt-arm_20.2.7.LTS\lib\</path>
         <kind>archive</kind>
         <file>rtsv7M4_T_le_v4SPD16_eabi.lib</file>
         <name>cpy_tbl.c.obj</name>
      </input_file>
      <input_file id="fl-ed">
         <path>D:\code composer\ccs\tools\compiler\ti-cgt-arm_20.2.7.LTS\lib\</path>
         <kind>archive</kind>
         <file>rtsv7M4_T_le_v4SPD16_eabi.lib</file>
         <name>exit.c.obj</name>
      </input_file>
      <input_file id="fl-ee">
         <path>D:\code composer\ccs\tools\compiler\ti-cgt-arm_20.2.7.LTS\lib\</path>
         <kind>archive</kind>
         <file>rtsv7M4_T_le_v4SPD16_eabi.lib</file>
         <name>_lock.c.obj</name>
      </input_file>
      <input_file id="fl-ef">
         <path>D:\code composer\ccs\tools\compiler\ti-cgt-arm_20.2.7.LTS\lib\</path>
         <kind>archive</kind>
         <file>rtsv7M4_T_le_v4SPD16_eabi.lib</file>
         <name>_ltoa.c.obj</name>
      </input_file>
      <input_file id="fl-f0">
         <path>D:\code composer\ccs\tools\compiler\ti-cgt-arm_20.2.7.LTS\lib\</path>
         <kind>archive</kind>
         <file>rtsv7M4_T_le_v4SPD16_eabi.lib</file>
         <name>args_main.c.obj</name>
      </input_file>
      <input_file id="fl-f1">
         <path>D:\code composer\ccs\tools\compiler\ti-cgt-arm_20.2.7.LTS\lib\</path>
         <kind>archive</kind>
         <file>rtsv7M4_T_le_v4SPD16_eabi.lib</file>
         <name>atoi.c.obj</name>
      </input_file>
      <input_file id="fl-f2">
         <path>D:\code composer\ccs\tools\compiler\ti-cgt-arm_20.2.7.LTS\lib\</path>
         <kind>archive</kind>
         <file>rtsv7M4_T_le_v4SPD16_eabi.lib</file>
         <name>ctype.c.obj</name>
      </input_file>
      <input_file id="fl-f3">
         <path>D:\code composer\ccs\tools\compiler\ti-cgt-arm_20.2.7.LTS\lib\</path>
         <kind>archive</kind>
         <file>rtsv7M4_T_le_v4SPD16_eabi.lib</file>
         <name>memccpy.c.obj</name>
      </input_file>
      <input_file id="fl-f4">
         <path>D:\code composer\ccs\tools\compiler\ti-cgt-arm_20.2.7.LTS\lib\</path>
         <kind>archive</kind>
         <file>rtsv7M4_T_le_v4SPD16_eabi.lib</file>
         <name>strchr.c.obj</name>
      </input_file>
      <input_file id="fl-f5">
         <path>D:\code composer\ccs\tools\compiler\ti-cgt-arm_20.2.7.LTS\lib\</path>
         <kind>archive</kind>
         <file>rtsv7M4_T_le_v4SPD16_eabi.lib</file>
         <name>errno.c.obj</name>
      </input_file>
      <input_file id="fl-f6">
         <path>D:\code composer\ccs\tools\compiler\ti-cgt-arm_20.2.7.LTS\lib\</path>
         <kind>archive</kind>
         <file>rtsv7M4_T_le_v4SPD16_eabi.lib</file>
         <name>wcslen.c.obj</name>
      </input_file>
      <input_file id="fl-f7">
         <path>D:\code composer\ccs\tools\compiler\ti-cgt-arm_20.2.7.LTS\lib\</path>
         <kind>archive</kind>
         <file>rtsv7M4_T_le_v4SPD16_eabi.lib</file>
         <name>s_frexp.c.obj</name>
      </input_file>
      <input_file id="fl-f8">
         <path>D:\code composer\ccs\tools\compiler\ti-cgt-arm_20.2.7.LTS\lib\</path>
         <kind>archive</kind>
         <file>rtsv7M4_T_le_v4SPD16_eabi.lib</file>
         <name>s_scalbn.c.obj</name>
      </input_file>
      <input_file id="fl-f9">
         <path>D:\code composer\ccs\tools\compiler\ti-cgt-arm_20.2.7.LTS\lib\</path>
         <kind>archive</kind>
         <file>rtsv7M4_T_le_v4SPD16_eabi.lib</file>
         <name>s_copysign.c.obj</name>
      </input_file>
   </input_file_list>
   <object_component_list>
      <object_component id="oc-340">
         <name>.text:__TI_printfi</name>
         <load_address>0x200</load_address>
         <run_address>0x200</run_address>
         <size>0xa4e</size>
         <input_file_ref idref="fl-e2"/>
      </object_component>
      <object_component id="oc-209">
         <name>.text:Board_initHook</name>
         <load_address>0xc4e</load_address>
         <run_address>0xc4e</run_address>
         <size>0x2</size>
         <input_file_ref idref="fl-4"/>
      </object_component>
      <object_component id="oc-511">
         <name>.text:UARTMSP432E4_open</name>
         <load_address>0xc50</load_address>
         <run_address>0xc50</run_address>
         <size>0x2f0</size>
         <input_file_ref idref="fl-13"/>
      </object_component>
      <object_component id="oc-5e">
         <name>.text:SysCtlClockFreqSet</name>
         <load_address>0xf40</load_address>
         <run_address>0xf40</run_address>
         <size>0x2e0</size>
         <input_file_ref idref="fl-1e"/>
      </object_component>
      <object_component id="oc-484">
         <name>.text:_pconv_a</name>
         <load_address>0x1220</load_address>
         <run_address>0x1220</run_address>
         <size>0x270</size>
         <input_file_ref idref="fl-e2"/>
      </object_component>
      <object_component id="oc-2f7">
         <name>.text:GPIOPadConfigSet</name>
         <load_address>0x1490</load_address>
         <run_address>0x1490</run_address>
         <size>0x23a</size>
         <input_file_ref idref="fl-1c"/>
      </object_component>
      <object_component id="oc-50b">
         <name>.text:UARTMSP432E4_init</name>
         <load_address>0x16ca</load_address>
         <run_address>0x16ca</run_address>
         <size>0x2</size>
         <input_file_ref idref="fl-13"/>
      </object_component>
      <object_component id="oc-472">
         <name>.text:_pconv_g</name>
         <load_address>0x16cc</load_address>
         <run_address>0x16cc</run_address>
         <size>0x1d0</size>
         <input_file_ref idref="fl-e2"/>
      </object_component>
      <object_component id="oc-18b">
         <name>.text:mainThread</name>
         <load_address>0x189c</load_address>
         <run_address>0x189c</run_address>
         <size>0x1b8</size>
         <input_file_ref idref="fl-3"/>
      </object_component>
      <object_component id="oc-59c">
         <name>.text</name>
         <load_address>0x1a54</load_address>
         <run_address>0x1a54</run_address>
         <size>0x1b6</size>
         <input_file_ref idref="fl-e4"/>
      </object_component>
      <object_component id="oc-82e">
         <name>.text:_IntDefaultHandler</name>
         <load_address>0x1c0a</load_address>
         <run_address>0x1c0a</run_address>
         <size>0x2</size>
         <input_file_ref idref="fl-1d"/>
      </object_component>
      <object_component id="oc-223">
         <name>.text:GPIO_setConfig</name>
         <load_address>0x1c0c</load_address>
         <run_address>0x1c0c</run_address>
         <size>0x184</size>
         <input_file_ref idref="fl-10"/>
      </object_component>
      <object_component id="oc-47e">
         <name>.text:_pconv_e</name>
         <load_address>0x1d90</load_address>
         <run_address>0x1d90</run_address>
         <size>0x13c</size>
         <input_file_ref idref="fl-e2"/>
      </object_component>
      <object_component id="oc-582">
         <name>.text</name>
         <load_address>0x1ecc</load_address>
         <run_address>0x1ecc</run_address>
         <size>0x136</size>
         <input_file_ref idref="fl-e6"/>
      </object_component>
      <object_component id="oc-36b">
         <name>.text:_nop</name>
         <load_address>0x2002</load_address>
         <run_address>0x2002</run_address>
         <size>0x2</size>
         <input_file_ref idref="fl-ee"/>
      </object_component>
      <object_component id="oc-5ae">
         <name>.text:fcvt</name>
         <load_address>0x2004</load_address>
         <run_address>0x2004</run_address>
         <size>0x124</size>
         <input_file_ref idref="fl-e2"/>
      </object_component>
      <object_component id="oc-5c2">
         <name>.text:scalbn</name>
         <load_address>0x2128</load_address>
         <run_address>0x2128</run_address>
         <size>0x110</size>
         <input_file_ref idref="fl-f8"/>
      </object_component>
      <object_component id="oc-54a">
         <name>.text:aligned_alloc</name>
         <load_address>0x2238</load_address>
         <run_address>0x2238</run_address>
         <size>0x100</size>
         <input_file_ref idref="fl-de"/>
      </object_component>
      <object_component id="oc-57d">
         <name>.text</name>
         <load_address>0x2338</load_address>
         <run_address>0x2338</run_address>
         <size>0xfc</size>
         <input_file_ref idref="fl-e7"/>
      </object_component>
      <object_component id="oc-3a8">
         <name>.text:free</name>
         <load_address>0x2434</load_address>
         <run_address>0x2434</run_address>
         <size>0xe4</size>
         <input_file_ref idref="fl-de"/>
      </object_component>
      <object_component id="oc-4ff">
         <name>.text:UARTMSP432E4_close</name>
         <load_address>0x2518</load_address>
         <run_address>0x2518</run_address>
         <size>0xbe</size>
         <input_file_ref idref="fl-13"/>
      </object_component>
      <object_component id="oc-794">
         <name>.text:readTaskCallback</name>
         <load_address>0x25d6</load_address>
         <run_address>0x25d6</run_address>
         <size>0xb6</size>
         <input_file_ref idref="fl-13"/>
      </object_component>
      <object_component id="oc-467">
         <name>.text:_ltostr</name>
         <load_address>0x268c</load_address>
         <run_address>0x268c</run_address>
         <size>0xb1</size>
         <input_file_ref idref="fl-e2"/>
      </object_component>
      <object_component id="oc-782">
         <name>.text:readTaskBlocking</name>
         <load_address>0x273e</load_address>
         <run_address>0x273e</run_address>
         <size>0xb0</size>
         <input_file_ref idref="fl-13"/>
      </object_component>
      <object_component id="oc-78">
         <name>.text:busFaultHandler</name>
         <load_address>0x27ee</load_address>
         <run_address>0x27ee</run_address>
         <size>0x2</size>
         <input_file_ref idref="fl-1a"/>
      </object_component>
      <object_component id="oc-217">
         <name>.text:GPIO_init</name>
         <load_address>0x27f0</load_address>
         <run_address>0x27f0</run_address>
         <size>0xac</size>
         <input_file_ref idref="fl-10"/>
      </object_component>
      <object_component id="oc-30f">
         <name>.text:GPIOIntTypeSet</name>
         <load_address>0x289c</load_address>
         <run_address>0x289c</run_address>
         <size>0xa4</size>
         <input_file_ref idref="fl-1c"/>
      </object_component>
      <object_component id="oc-2be">
         <name>.text:SemaphoreP_pend</name>
         <load_address>0x2940</load_address>
         <run_address>0x2940</run_address>
         <size>0xa0</size>
         <input_file_ref idref="fl-16"/>
      </object_component>
      <object_component id="oc-51d">
         <name>.text:UARTMSP432E4_readPolling</name>
         <load_address>0x29e0</load_address>
         <run_address>0x29e0</run_address>
         <size>0x9e</size>
         <input_file_ref idref="fl-13"/>
      </object_component>
      <object_component id="oc-3a">
         <name>.text</name>
         <load_address>0x2a7e</load_address>
         <run_address>0x2a7e</run_address>
         <size>0x9c</size>
         <input_file_ref idref="fl-d8"/>
      </object_component>
      <object_component id="oc-529">
         <name>.text:UARTMSP432E4_write</name>
         <load_address>0x2b1a</load_address>
         <run_address>0x2b1a</run_address>
         <size>0x98</size>
         <input_file_ref idref="fl-13"/>
      </object_component>
      <object_component id="oc-576">
         <name>.text</name>
         <load_address>0x2bb2</load_address>
         <run_address>0x2bb2</run_address>
         <size>0x96</size>
         <input_file_ref idref="fl-da"/>
      </object_component>
      <object_component id="oc-788">
         <name>.text:readIsrTextBlocking</name>
         <load_address>0x2c48</load_address>
         <run_address>0x2c48</run_address>
         <size>0x94</size>
         <input_file_ref idref="fl-13"/>
      </object_component>
      <object_component id="oc-505">
         <name>.text:UARTMSP432E4_control</name>
         <load_address>0x2cdc</load_address>
         <run_address>0x2cdc</run_address>
         <size>0x90</size>
         <input_file_ref idref="fl-13"/>
      </object_component>
      <object_component id="oc-bb">
         <name>.text:_SysCtlFrequencyGet</name>
         <load_address>0x2d6c</load_address>
         <run_address>0x2d6c</run_address>
         <size>0x90</size>
         <input_file_ref idref="fl-1e"/>
      </object_component>
      <object_component id="oc-79a">
         <name>.text:readIsrTextCallback</name>
         <load_address>0x2dfc</load_address>
         <run_address>0x2dfc</run_address>
         <size>0x88</size>
         <input_file_ref idref="fl-13"/>
      </object_component>
      <object_component id="oc-46d">
         <name>.text:__aeabi_cdcmple</name>
         <load_address>0x2e84</load_address>
         <run_address>0x2e84</run_address>
         <size>0x86</size>
         <input_file_ref idref="fl-e5"/>
      </object_component>
      <object_component id="oc-587">
         <name>.text:__aeabi_cdrcmple</name>
         <load_address>0x2f0a</load_address>
         <run_address>0x2f0a</run_address>
         <size>0x86</size>
         <input_file_ref idref="fl-e5"/>
      </object_component>
      <object_component id="oc-7fe">
         <name>.text:IntDisable</name>
         <load_address>0x2f90</load_address>
         <run_address>0x2f90</run_address>
         <size>0x80</size>
         <input_file_ref idref="fl-1d"/>
      </object_component>
      <object_component id="oc-55d">
         <name>.text:IntEnable</name>
         <load_address>0x3010</load_address>
         <run_address>0x3010</run_address>
         <size>0x80</size>
         <input_file_ref idref="fl-1d"/>
      </object_component>
      <object_component id="oc-6d4">
         <name>.text:writeData</name>
         <load_address>0x3090</load_address>
         <run_address>0x3090</run_address>
         <size>0x7c</size>
         <input_file_ref idref="fl-13"/>
      </object_component>
      <object_component id="oc-a2">
         <name>.text</name>
         <load_address>0x310c</load_address>
         <run_address>0x310c</run_address>
         <size>0x7a</size>
         <input_file_ref idref="fl-d9"/>
      </object_component>
      <object_component id="oc-684">
         <name>.text:UARTConfigSetExpClk</name>
         <load_address>0x3186</load_address>
         <run_address>0x3186</run_address>
         <size>0x76</size>
         <input_file_ref idref="fl-1f"/>
      </object_component>
      <object_component id="oc-429">
         <name>.text:HwiP_construct</name>
         <load_address>0x31fc</load_address>
         <run_address>0x31fc</run_address>
         <size>0x70</size>
         <input_file_ref idref="fl-18"/>
      </object_component>
      <object_component id="oc-6e7">
         <name>.text:split</name>
         <load_address>0x326c</load_address>
         <run_address>0x326c</run_address>
         <size>0x70</size>
         <input_file_ref idref="fl-de"/>
      </object_component>
      <object_component id="oc-5a7">
         <name>.text:_mcpy</name>
         <load_address>0x32dc</load_address>
         <run_address>0x32dc</run_address>
         <size>0x6e</size>
         <input_file_ref idref="fl-e2"/>
      </object_component>
      <object_component id="oc-3cd">
         <name>.text:clkFxn</name>
         <load_address>0x334a</load_address>
         <run_address>0x334a</run_address>
         <size>0x2</size>
         <input_file_ref idref="fl-16"/>
      </object_component>
      <object_component id="oc-615">
         <name>.text:Power_releaseDependency</name>
         <load_address>0x334c</load_address>
         <run_address>0x334c</run_address>
         <size>0x6c</size>
         <input_file_ref idref="fl-11"/>
      </object_component>
      <object_component id="oc-32a">
         <name>.text:GPIO_hwiIntFxn</name>
         <load_address>0x33b8</load_address>
         <run_address>0x33b8</run_address>
         <size>0x68</size>
         <input_file_ref idref="fl-10"/>
      </object_component>
      <object_component id="oc-2e5">
         <name>.text:Power_setDependency</name>
         <load_address>0x3420</load_address>
         <run_address>0x3420</run_address>
         <size>0x68</size>
         <input_file_ref idref="fl-11"/>
      </object_component>
      <object_component id="oc-13">
         <name>.text:decompress:lzss:__TI_decompress_lzss</name>
         <load_address>0x3488</load_address>
         <run_address>0x3488</run_address>
         <size>0x68</size>
         <input_file_ref idref="fl-dd"/>
      </object_component>
      <object_component id="oc-77c">
         <name>.text:readIsrBinaryBlocking</name>
         <load_address>0x34f0</load_address>
         <run_address>0x34f0</run_address>
         <size>0x68</size>
         <input_file_ref idref="fl-13"/>
      </object_component>
      <object_component id="oc-203">
         <name>.text:Power_init</name>
         <load_address>0x3558</load_address>
         <run_address>0x3558</run_address>
         <size>0x64</size>
         <input_file_ref idref="fl-11"/>
      </object_component>
      <object_component id="oc-5bc">
         <name>.text:frexp</name>
         <load_address>0x35bc</load_address>
         <run_address>0x35bc</run_address>
         <size>0x64</size>
         <input_file_ref idref="fl-f7"/>
      </object_component>
      <object_component id="oc-78e">
         <name>.text:readIsrBinaryCallback</name>
         <load_address>0x3620</load_address>
         <run_address>0x3620</run_address>
         <size>0x64</size>
         <input_file_ref idref="fl-13"/>
      </object_component>
      <object_component id="oc-2eb">
         <name>.text:GPIODirModeSet</name>
         <load_address>0x3684</load_address>
         <run_address>0x3684</run_address>
         <size>0x5c</size>
         <input_file_ref idref="fl-1c"/>
      </object_component>
      <object_component id="oc-551">
         <name>.text:IntRegister</name>
         <load_address>0x36e0</load_address>
         <run_address>0x36e0</run_address>
         <size>0x5c</size>
         <input_file_ref idref="fl-1d"/>
      </object_component>
      <object_component id="oc-60f">
         <name>.text:getPowerResourceId</name>
         <load_address>0x373c</load_address>
         <run_address>0x373c</run_address>
         <size>0x5c</size>
         <input_file_ref idref="fl-13"/>
      </object_component>
      <object_component id="oc-2c4">
         <name>.text:GPIO_setCallback</name>
         <load_address>0x3798</load_address>
         <run_address>0x3798</run_address>
         <size>0x58</size>
         <input_file_ref idref="fl-10"/>
      </object_component>
      <object_component id="oc-73b">
         <name>.text:sysTickInit</name>
         <load_address>0x37f0</load_address>
         <run_address>0x37f0</run_address>
         <size>0x58</size>
         <input_file_ref idref="fl-17"/>
      </object_component>
      <object_component id="oc-478">
         <name>.text:_pconv_f</name>
         <load_address>0x3848</load_address>
         <run_address>0x3848</run_address>
         <size>0x56</size>
         <input_file_ref idref="fl-e2"/>
      </object_component>
      <object_component id="oc-72">
         <name>.text:defaultHandler</name>
         <load_address>0x389e</load_address>
         <run_address>0x389e</run_address>
         <size>0x2</size>
         <input_file_ref idref="fl-1a"/>
      </object_component>
      <object_component id="oc-229">
         <name>.text:GPIO_write</name>
         <load_address>0x38a0</load_address>
         <run_address>0x38a0</run_address>
         <size>0x54</size>
         <input_file_ref idref="fl-10"/>
      </object_component>
      <object_component id="oc-557">
         <name>.text:IntPrioritySet</name>
         <load_address>0x38f4</load_address>
         <run_address>0x38f4</run_address>
         <size>0x54</size>
         <input_file_ref idref="fl-1d"/>
      </object_component>
      <object_component id="oc-591">
         <name>.text:__TI_ltoa</name>
         <load_address>0x3948</load_address>
         <run_address>0x3948</run_address>
         <size>0x54</size>
         <input_file_ref idref="fl-ef"/>
      </object_component>
      <object_component id="oc-5a1">
         <name>.text:_ecpy</name>
         <load_address>0x399c</load_address>
         <run_address>0x399c</run_address>
         <size>0x52</size>
         <input_file_ref idref="fl-e2"/>
      </object_component>
      <object_component id="oc-6c">
         <name>.text:faultISR</name>
         <load_address>0x39ee</load_address>
         <run_address>0x39ee</run_address>
         <size>0x2</size>
         <input_file_ref idref="fl-1a"/>
      </object_component>
      <object_component id="oc-7e">
         <name>.text:ClockP_sysTickHandler</name>
         <load_address>0x39f0</load_address>
         <run_address>0x39f0</run_address>
         <size>0x50</size>
         <input_file_ref idref="fl-17"/>
      </object_component>
      <object_component id="oc-4c4">
         <name>.text:SemaphoreP_construct</name>
         <load_address>0x3a40</load_address>
         <run_address>0x3a40</run_address>
         <size>0x50</size>
         <input_file_ref idref="fl-16"/>
      </object_component>
      <object_component id="oc-68d">
         <name>.text:UARTMSP432E4_hwiIntFxn</name>
         <load_address>0x3a90</load_address>
         <run_address>0x3a90</run_address>
         <size>0x50</size>
         <input_file_ref idref="fl-13"/>
      </object_component>
      <object_component id="oc-52f">
         <name>.text:UARTMSP432E4_writePolling</name>
         <load_address>0x3ae0</load_address>
         <run_address>0x3ae0</run_address>
         <size>0x4c</size>
         <input_file_ref idref="fl-13"/>
      </object_component>
      <object_component id="oc-461">
         <name>.text:atoi</name>
         <load_address>0x3b2c</load_address>
         <run_address>0x3b2c</run_address>
         <size>0x4c</size>
         <input_file_ref idref="fl-f1"/>
      </object_component>
      <object_component id="oc-6b4">
         <name>.text:ringBufGet</name>
         <load_address>0x3b78</load_address>
         <run_address>0x3b78</run_address>
         <size>0x4c</size>
         <input_file_ref idref="fl-13"/>
      </object_component>
      <object_component id="oc-535">
         <name>.text:UARTMSP432E4_writeCancel</name>
         <load_address>0x3bc4</load_address>
         <run_address>0x3bc4</run_address>
         <size>0x48</size>
         <input_file_ref idref="fl-13"/>
      </object_component>
      <object_component id="oc-58c">
         <name>.text</name>
         <load_address>0x3c0c</load_address>
         <run_address>0x3c0c</run_address>
         <size>0x48</size>
         <input_file_ref idref="fl-e8"/>
      </object_component>
      <object_component id="oc-7ca">
         <name>.text:RingBuf_put</name>
         <load_address>0x3c54</load_address>
         <run_address>0x3c54</run_address>
         <size>0x46</size>
         <input_file_ref idref="fl-14"/>
      </object_component>
      <object_component id="oc-66">
         <name>.text:nmiISR</name>
         <load_address>0x3c9a</load_address>
         <run_address>0x3c9a</run_address>
         <size>0x2</size>
         <input_file_ref idref="fl-1a"/>
      </object_component>
      <object_component id="oc-4ec">
         <name>.text:ClockP_stop</name>
         <load_address>0x3c9c</load_address>
         <run_address>0x3c9c</run_address>
         <size>0x44</size>
         <input_file_ref idref="fl-17"/>
      </object_component>
      <object_component id="oc-648">
         <name>.text:GPIOPinConfigure</name>
         <load_address>0x3ce0</load_address>
         <run_address>0x3ce0</run_address>
         <size>0x44</size>
         <input_file_ref idref="fl-1c"/>
      </object_component>
      <object_component id="oc-2ca">
         <name>.text:SemaphoreP_post</name>
         <load_address>0x3d24</load_address>
         <run_address>0x3d24</run_address>
         <size>0x44</size>
         <input_file_ref idref="fl-16"/>
      </object_component>
      <object_component id="oc-3fe">
         <name>.text:SysCtlPeripheralPresent</name>
         <load_address>0x3d68</load_address>
         <run_address>0x3d68</run_address>
         <size>0x44</size>
         <input_file_ref idref="fl-1e"/>
      </object_component>
      <object_component id="oc-416">
         <name>.text:SysCtlPeripheralReady</name>
         <load_address>0x3dac</load_address>
         <run_address>0x3dac</run_address>
         <size>0x44</size>
         <input_file_ref idref="fl-1e"/>
      </object_component>
      <object_component id="oc-21d">
         <name>.text:UART_init</name>
         <load_address>0x3df0</load_address>
         <run_address>0x3df0</run_address>
         <size>0x44</size>
         <input_file_ref idref="fl-12"/>
      </object_component>
      <object_component id="oc-b5">
         <name>.text:_SysCtlMemTimingGet</name>
         <load_address>0x3e34</load_address>
         <run_address>0x3e34</run_address>
         <size>0x44</size>
         <input_file_ref idref="fl-1e"/>
      </object_component>
      <object_component id="oc-19e">
         <name>.text:__TI_auto_init_nobinit_nopinit:__TI_auto_init_nobinit_nopinit</name>
         <load_address>0x3e78</load_address>
         <run_address>0x3e78</run_address>
         <size>0x44</size>
         <input_file_ref idref="fl-ea"/>
      </object_component>
      <object_component id="oc-770">
         <name>.text:ClockP_construct</name>
         <load_address>0x3ebc</load_address>
         <run_address>0x3ebc</run_address>
         <size>0x40</size>
         <input_file_ref idref="fl-17"/>
      </object_component>
      <object_component id="oc-7be">
         <name>.text:RingBuf_get</name>
         <load_address>0x3efc</load_address>
         <run_address>0x3efc</run_address>
         <size>0x40</size>
         <input_file_ref idref="fl-14"/>
      </object_component>
      <object_component id="oc-74d">
         <name>.text:SysCtlPeripheralDisable</name>
         <load_address>0x3f3c</load_address>
         <run_address>0x3f3c</run_address>
         <size>0x40</size>
         <input_file_ref idref="fl-1e"/>
      </object_component>
      <object_component id="oc-40a">
         <name>.text:SysCtlPeripheralEnable</name>
         <load_address>0x3f7c</load_address>
         <run_address>0x3f7c</run_address>
         <size>0x40</size>
         <input_file_ref idref="fl-1e"/>
      </object_component>
      <object_component id="oc-28b">
         <name>.text:SysCtlPeripheralPowerOff</name>
         <load_address>0x3fbc</load_address>
         <run_address>0x3fbc</run_address>
         <size>0x40</size>
         <input_file_ref idref="fl-1e"/>
      </object_component>
      <object_component id="oc-404">
         <name>.text:SysCtlPeripheralPowerOn</name>
         <load_address>0x3ffc</load_address>
         <run_address>0x3ffc</run_address>
         <size>0x40</size>
         <input_file_ref idref="fl-1e"/>
      </object_component>
      <object_component id="oc-753">
         <name>.text:SysCtlPeripheralSleepDisable</name>
         <load_address>0x403c</load_address>
         <run_address>0x403c</run_address>
         <size>0x40</size>
         <input_file_ref idref="fl-1e"/>
      </object_component>
      <object_component id="oc-410">
         <name>.text:SysCtlPeripheralSleepEnable</name>
         <load_address>0x407c</load_address>
         <run_address>0x407c</run_address>
         <size>0x40</size>
         <input_file_ref idref="fl-1e"/>
      </object_component>
      <object_component id="oc-517">
         <name>.text:UARTMSP432E4_read</name>
         <load_address>0x40bc</load_address>
         <run_address>0x40bc</run_address>
         <size>0x40</size>
         <input_file_ref idref="fl-13"/>
      </object_component>
      <object_component id="oc-235">
         <name>.text:UART_open</name>
         <load_address>0x40fc</load_address>
         <run_address>0x40fc</run_address>
         <size>0x40</size>
         <input_file_ref idref="fl-12"/>
      </object_component>
      <object_component id="oc-241">
         <name>.text:sprintf</name>
         <load_address>0x413c</load_address>
         <run_address>0x413c</run_address>
         <size>0x40</size>
         <input_file_ref idref="fl-d6"/>
      </object_component>
      <object_component id="oc-5b4">
         <name>.text:_fcpy</name>
         <load_address>0x417c</load_address>
         <run_address>0x417c</run_address>
         <size>0x3e</size>
         <input_file_ref idref="fl-e2"/>
      </object_component>
      <object_component id="oc-705">
         <name>.text</name>
         <load_address>0x41ba</load_address>
         <run_address>0x41ba</run_address>
         <size>0x2</size>
         <input_file_ref idref="fl-e3"/>
      </object_component>
      <object_component id="oc-3c7">
         <name>.text:ClockP_destruct</name>
         <load_address>0x41bc</load_address>
         <run_address>0x41bc</run_address>
         <size>0x3c</size>
         <input_file_ref idref="fl-17"/>
      </object_component>
      <object_component id="oc-ec">
         <name>.text:addToList</name>
         <load_address>0x41f8</load_address>
         <run_address>0x41f8</run_address>
         <size>0x38</size>
         <input_file_ref idref="fl-17"/>
      </object_component>
      <object_component id="oc-523">
         <name>.text:UARTMSP432E4_readCancel</name>
         <load_address>0x4230</load_address>
         <run_address>0x4230</run_address>
         <size>0x36</size>
         <input_file_ref idref="fl-13"/>
      </object_component>
      <object_component id="oc-5f6">
         <name>.text:ClockP_startup</name>
         <load_address>0x4268</load_address>
         <run_address>0x4268</run_address>
         <size>0x34</size>
         <input_file_ref idref="fl-17"/>
      </object_component>
      <object_component id="oc-d6">
         <name>.text:_c_int00_noargs:_c_int00_noargs</name>
         <load_address>0x429c</load_address>
         <run_address>0x429c</run_address>
         <size>0x34</size>
         <input_file_ref idref="fl-e1"/>
      </object_component>
      <object_component id="oc-17f">
         <name>.text:Board_init</name>
         <load_address>0x42d0</load_address>
         <run_address>0x42d0</run_address>
         <size>0x30</size>
         <input_file_ref idref="fl-4"/>
      </object_component>
      <object_component id="oc-3b5">
         <name>.text:ClockP_start</name>
         <load_address>0x4300</load_address>
         <run_address>0x4300</run_address>
         <size>0x30</size>
         <input_file_ref idref="fl-17"/>
      </object_component>
      <object_component id="oc-61b">
         <name>.text:GPIOMSP432E4_undoPinConfig</name>
         <load_address>0x4330</load_address>
         <run_address>0x4330</run_address>
         <size>0x30</size>
         <input_file_ref idref="fl-10"/>
      </object_component>
      <object_component id="oc-609">
         <name>.text:UARTDisable</name>
         <load_address>0x4360</load_address>
         <run_address>0x4360</run_address>
         <size>0x30</size>
         <input_file_ref idref="fl-1f"/>
      </object_component>
      <object_component id="oc-597">
         <name>.text</name>
         <load_address>0x4390</load_address>
         <run_address>0x4390</run_address>
         <size>0x2e</size>
         <input_file_ref idref="fl-e9"/>
      </object_component>
      <object_component id="oc-291">
         <name>.text:SysCtlPeripheralClockGating</name>
         <load_address>0x43c0</load_address>
         <run_address>0x43c0</run_address>
         <size>0x2c</size>
         <input_file_ref idref="fl-1e"/>
      </object_component>
      <object_component id="oc-309">
         <name>.text:HwiP_create</name>
         <load_address>0x43ec</load_address>
         <run_address>0x43ec</run_address>
         <size>0x2a</size>
         <input_file_ref idref="fl-18"/>
      </object_component>
      <object_component id="oc-4e4">
         <name>.text:free_list_insert</name>
         <load_address>0x4418</load_address>
         <run_address>0x4418</run_address>
         <size>0x28</size>
         <input_file_ref idref="fl-de"/>
      </object_component>
      <object_component id="oc-654">
         <name>.text:GPIOPinTypeUART</name>
         <load_address>0x4440</load_address>
         <run_address>0x4440</run_address>
         <size>0x24</size>
         <input_file_ref idref="fl-1c"/>
      </object_component>
      <object_component id="oc-563">
         <name>.text:HwiP_dispatch</name>
         <load_address>0x4464</load_address>
         <run_address>0x4464</run_address>
         <size>0x24</size>
         <input_file_ref idref="fl-18"/>
      </object_component>
      <object_component id="oc-7d5">
         <name>.text:UARTCharPutNonBlocking</name>
         <load_address>0x4488</load_address>
         <run_address>0x4488</run_address>
         <size>0x24</size>
         <input_file_ref idref="fl-1f"/>
      </object_component>
      <object_component id="oc-672">
         <name>.text:UARTEnable</name>
         <load_address>0x44ac</load_address>
         <run_address>0x44ac</run_address>
         <size>0x24</size>
         <input_file_ref idref="fl-1f"/>
      </object_component>
      <object_component id="oc-43c">
         <name>.text:GPIOIntStatus</name>
         <load_address>0x44d0</load_address>
         <run_address>0x44d0</run_address>
         <size>0x22</size>
         <input_file_ref idref="fl-1c"/>
      </object_component>
      <object_component id="oc-2f1">
         <name>.text:GPIOPinWrite</name>
         <load_address>0x44f2</load_address>
         <run_address>0x44f2</run_address>
         <size>0x20</size>
         <input_file_ref idref="fl-1c"/>
      </object_component>
      <object_component id="oc-634">
         <name>.text:RingBuf_peek</name>
         <load_address>0x4512</load_address>
         <run_address>0x4512</run_address>
         <size>0x20</size>
         <input_file_ref idref="fl-14"/>
      </object_component>
      <object_component id="oc-2fd">
         <name>.text:getGpioIntIndex</name>
         <load_address>0x4532</load_address>
         <run_address>0x4532</run_address>
         <size>0x20</size>
         <input_file_ref idref="fl-10"/>
      </object_component>
      <object_component id="oc-20">
         <name>.text:resetISR</name>
         <load_address>0x4554</load_address>
         <run_address>0x4554</run_address>
         <size>0x20</size>
         <input_file_ref idref="fl-1a"/>
      </object_component>
      <object_component id="oc-6c8">
         <name>.text:UARTBusy</name>
         <load_address>0x4574</load_address>
         <run_address>0x4574</run_address>
         <size>0x1e</size>
         <input_file_ref idref="fl-1f"/>
      </object_component>
      <object_component id="oc-6c0">
         <name>.text:UARTCharPut</name>
         <load_address>0x4592</load_address>
         <run_address>0x4592</run_address>
         <size>0x1e</size>
         <input_file_ref idref="fl-1f"/>
      </object_component>
      <object_component id="oc-811">
         <name>.text:UARTCharsAvail</name>
         <load_address>0x45b0</load_address>
         <run_address>0x45b0</run_address>
         <size>0x1e</size>
         <input_file_ref idref="fl-1f"/>
      </object_component>
      <object_component id="oc-6ce">
         <name>.text:UARTIntStatus</name>
         <load_address>0x45ce</load_address>
         <run_address>0x45ce</run_address>
         <size>0x1e</size>
         <input_file_ref idref="fl-1f"/>
      </object_component>
      <object_component id="oc-804">
         <name>.text:IntUnregister</name>
         <load_address>0x45ec</load_address>
         <run_address>0x45ec</run_address>
         <size>0x1c</size>
         <input_file_ref idref="fl-1d"/>
      </object_component>
      <object_component id="oc-7c4">
         <name>.text:UARTCharGetNonBlocking</name>
         <load_address>0x4608</load_address>
         <run_address>0x4608</run_address>
         <size>0x1c</size>
         <input_file_ref idref="fl-1f"/>
      </object_component>
      <object_component id="oc-65a">
         <name>.text:UARTFlowControlSet</name>
         <load_address>0x4624</load_address>
         <run_address>0x4624</run_address>
         <size>0x1c</size>
         <input_file_ref idref="fl-1f"/>
      </object_component>
      <object_component id="oc-6da">
         <name>.text:UARTTxIntModeSet</name>
         <load_address>0x4640</load_address>
         <run_address>0x4640</run_address>
         <size>0x1c</size>
         <input_file_ref idref="fl-1f"/>
      </object_component>
      <object_component id="oc-46">
         <name>.text:decompress:ZI:__TI_zero_init_nomemset:__TI_zero_init_nomemset</name>
         <load_address>0x465c</load_address>
         <run_address>0x465c</run_address>
         <size>0x1c</size>
         <input_file_ref idref="fl-db"/>
      </object_component>
      <object_component id="oc-4de">
         <name>.text:free_list_remove</name>
         <load_address>0x4678</load_address>
         <run_address>0x4678</run_address>
         <size>0x1c</size>
         <input_file_ref idref="fl-de"/>
      </object_component>
      <object_component id="oc-48a">
         <name>.text:memccpy</name>
         <load_address>0x4694</load_address>
         <run_address>0x4694</run_address>
         <size>0x1c</size>
         <input_file_ref idref="fl-f3"/>
      </object_component>
      <object_component id="oc-666">
         <name>.text:ClockP_create</name>
         <load_address>0x46b0</load_address>
         <run_address>0x46b0</run_address>
         <size>0x1a</size>
         <input_file_ref idref="fl-17"/>
      </object_component>
      <object_component id="oc-2a6">
         <name>.text:SemaphoreP_createBinary</name>
         <load_address>0x46ca</load_address>
         <run_address>0x46ca</run_address>
         <size>0x1a</size>
         <input_file_ref idref="fl-16"/>
      </object_component>
      <object_component id="oc-71e">
         <name>.text:copysign</name>
         <load_address>0x46e4</load_address>
         <run_address>0x46e4</run_address>
         <size>0x1a</size>
         <input_file_ref idref="fl-f9"/>
      </object_component>
      <object_component id="oc-58">
         <name>.text:FPUEnable</name>
         <load_address>0x4700</load_address>
         <run_address>0x4700</run_address>
         <size>0x18</size>
         <input_file_ref idref="fl-1b"/>
      </object_component>
      <object_component id="oc-5ee">
         <name>.text:Power_idleFunc</name>
         <load_address>0x4718</load_address>
         <run_address>0x4718</run_address>
         <size>0x18</size>
         <input_file_ref idref="fl-11"/>
      </object_component>
      <object_component id="oc-678">
         <name>.text:UARTFIFOLevelSet</name>
         <load_address>0x4730</load_address>
         <run_address>0x4730</run_address>
         <size>0x18</size>
         <input_file_ref idref="fl-1f"/>
      </object_component>
      <object_component id="oc-603">
         <name>.text:UARTIntDisable</name>
         <load_address>0x4748</load_address>
         <run_address>0x4748</run_address>
         <size>0x18</size>
         <input_file_ref idref="fl-1f"/>
      </object_component>
      <object_component id="oc-63a">
         <name>.text:UARTIntEnable</name>
         <load_address>0x4760</load_address>
         <run_address>0x4760</run_address>
         <size>0x18</size>
         <input_file_ref idref="fl-1f"/>
      </object_component>
      <object_component id="oc-22f">
         <name>.text:UART_Params_init</name>
         <load_address>0x4778</load_address>
         <run_address>0x4778</run_address>
         <size>0x18</size>
         <input_file_ref idref="fl-12"/>
      </object_component>
      <object_component id="oc-346">
         <name>.text:_outs</name>
         <load_address>0x4790</load_address>
         <run_address>0x4790</run_address>
         <size>0x18</size>
         <input_file_ref idref="fl-d6"/>
      </object_component>
      <object_component id="oc-24d">
         <name>.text:strcmp</name>
         <load_address>0x47a8</load_address>
         <run_address>0x47a8</run_address>
         <size>0x18</size>
         <input_file_ref idref="fl-df"/>
      </object_component>
      <object_component id="oc-39d">
         <name>.text:SemaphoreP_create</name>
         <load_address>0x47c0</load_address>
         <run_address>0x47c0</run_address>
         <size>0x16</size>
         <input_file_ref idref="fl-16"/>
      </object_component>
      <object_component id="oc-6ba">
         <name>.text:UARTCharGet</name>
         <load_address>0x47d6</load_address>
         <run_address>0x47d6</run_address>
         <size>0x16</size>
         <input_file_ref idref="fl-1f"/>
      </object_component>
      <object_component id="oc-5c8">
         <name>.text:strchr</name>
         <load_address>0x47ec</load_address>
         <run_address>0x47ec</run_address>
         <size>0x16</size>
         <input_file_ref idref="fl-f4"/>
      </object_component>
      <object_component id="oc-315">
         <name>.text:GPIOIntClear</name>
         <load_address>0x4802</load_address>
         <run_address>0x4802</run_address>
         <size>0x14</size>
         <input_file_ref idref="fl-1c"/>
      </object_component>
      <object_component id="oc-64e">
         <name>.text:GPIOMSP432E4_getGpioBaseAddr</name>
         <load_address>0x4818</load_address>
         <run_address>0x4818</run_address>
         <size>0x14</size>
         <input_file_ref idref="fl-10"/>
      </object_component>
      <object_component id="oc-621">
         <name>.text:GPIOMSP432E4_getPowerResourceId</name>
         <load_address>0x482c</load_address>
         <run_address>0x482c</run_address>
         <size>0x14</size>
         <input_file_ref idref="fl-10"/>
      </object_component>
      <object_component id="oc-3d8">
         <name>.text:HwiP_inISR</name>
         <load_address>0x4840</load_address>
         <run_address>0x4840</run_address>
         <size>0x14</size>
         <input_file_ref idref="fl-18"/>
      </object_component>
      <object_component id="oc-3de">
         <name>.text:Power_disablePolicy</name>
         <load_address>0x4854</load_address>
         <run_address>0x4854</run_address>
         <size>0x14</size>
         <input_file_ref idref="fl-11"/>
      </object_component>
      <object_component id="oc-253">
         <name>.text:strlen</name>
         <load_address>0x4868</load_address>
         <run_address>0x4868</run_address>
         <size>0x14</size>
         <input_file_ref idref="fl-e0"/>
      </object_component>
      <object_component id="oc-303">
         <name>.text:HwiP_Params_init</name>
         <load_address>0x487c</load_address>
         <run_address>0x487c</run_address>
         <size>0x12</size>
         <input_file_ref idref="fl-18"/>
      </object_component>
      <object_component id="oc-75c">
         <name>.text:HwiP_destruct</name>
         <load_address>0x488e</load_address>
         <run_address>0x488e</run_address>
         <size>0x12</size>
         <input_file_ref idref="fl-18"/>
      </object_component>
      <object_component id="oc-642">
         <name>.text:RingBuf_construct</name>
         <load_address>0x48a0</load_address>
         <run_address>0x48a0</run_address>
         <size>0x12</size>
         <input_file_ref idref="fl-14"/>
      </object_component>
      <object_component id="oc-66c">
         <name>.text:UARTIntClear</name>
         <load_address>0x48b2</load_address>
         <run_address>0x48b2</run_address>
         <size>0x12</size>
         <input_file_ref idref="fl-1f"/>
      </object_component>
      <object_component id="oc-7a2">
         <name>.text:UARTRxErrorGet</name>
         <load_address>0x48c4</load_address>
         <run_address>0x48c4</run_address>
         <size>0x12</size>
         <input_file_ref idref="fl-1f"/>
      </object_component>
      <object_component id="oc-13f">
         <name>.text:main</name>
         <load_address>0x48d6</load_address>
         <run_address>0x48d6</run_address>
         <size>0x12</size>
         <input_file_ref idref="fl-2"/>
      </object_component>
      <object_component id="oc-490">
         <name>.text:wcslen</name>
         <load_address>0x48e8</load_address>
         <run_address>0x48e8</run_address>
         <size>0x12</size>
         <input_file_ref idref="fl-f6"/>
      </object_component>
      <object_component id="oc-3af">
         <name>.text:ClockP_add</name>
         <load_address>0x48fa</load_address>
         <run_address>0x48fa</run_address>
         <size>0x10</size>
         <input_file_ref idref="fl-17"/>
      </object_component>
      <object_component id="oc-62d">
         <name>.text:ClockP_delete</name>
         <load_address>0x490a</load_address>
         <run_address>0x490a</run_address>
         <size>0x10</size>
         <input_file_ref idref="fl-17"/>
      </object_component>
      <object_component id="oc-67e">
         <name>.text:ClockP_getCpuFreq</name>
         <load_address>0x491c</load_address>
         <run_address>0x491c</run_address>
         <size>0x10</size>
         <input_file_ref idref="fl-17"/>
      </object_component>
      <object_component id="oc-627">
         <name>.text:HwiP_delete</name>
         <load_address>0x492c</load_address>
         <run_address>0x492c</run_address>
         <size>0x10</size>
         <input_file_ref idref="fl-18"/>
      </object_component>
      <object_component id="oc-52">
         <name>.text:IntMasterDisable</name>
         <load_address>0x493c</load_address>
         <run_address>0x493c</run_address>
         <size>0x10</size>
         <input_file_ref idref="fl-1d"/>
      </object_component>
      <object_component id="oc-210">
         <name>.text:IntMasterEnable</name>
         <load_address>0x494c</load_address>
         <run_address>0x494c</run_address>
         <size>0x10</size>
         <input_file_ref idref="fl-1d"/>
      </object_component>
      <object_component id="oc-38c">
         <name>.text:PowerMSP432E4_sleepPolicy</name>
         <load_address>0x495c</load_address>
         <run_address>0x495c</run_address>
         <size>0x10</size>
         <input_file_ref idref="fl-19"/>
      </object_component>
      <object_component id="oc-3bb">
         <name>.text:Power_enablePolicy</name>
         <load_address>0x496c</load_address>
         <run_address>0x496c</run_address>
         <size>0x10</size>
         <input_file_ref idref="fl-11"/>
      </object_component>
      <object_component id="oc-397">
         <name>.text:SemaphoreP_Params_init</name>
         <load_address>0x497c</load_address>
         <run_address>0x497c</run_address>
         <size>0x10</size>
         <input_file_ref idref="fl-16"/>
      </object_component>
      <object_component id="oc-7a8">
         <name>.text:UARTRxErrorClear</name>
         <load_address>0x498c</load_address>
         <run_address>0x498c</run_address>
         <size>0x10</size>
         <input_file_ref idref="fl-1f"/>
      </object_component>
      <object_component id="oc-69f">
         <name>.text:readBlockingTimeout</name>
         <load_address>0x499c</load_address>
         <run_address>0x499c</run_address>
         <size>0x10</size>
         <input_file_ref idref="fl-13"/>
      </object_component>
      <object_component id="oc-7b8">
         <name>.text:RingBuf_isFull</name>
         <load_address>0x49ac</load_address>
         <run_address>0x49ac</run_address>
         <size>0xe</size>
         <input_file_ref idref="fl-14"/>
      </object_component>
      <object_component id="oc-19">
         <name>.text:decompress:none:__TI_decompress_none</name>
         <load_address>0x49ba</load_address>
         <run_address>0x49ba</run_address>
         <size>0xe</size>
         <input_file_ref idref="fl-dc"/>
      </object_component>
      <object_component id="oc-a8">
         <name>.text:CPUcpsid</name>
         <load_address>0x49c8</load_address>
         <run_address>0x49c8</run_address>
         <size>0xc</size>
         <input_file_ref idref="fl-20"/>
      </object_component>
      <object_component id="oc-29f">
         <name>.text:CPUcpsie</name>
         <load_address>0x49d4</load_address>
         <run_address>0x49d4</run_address>
         <size>0xc</size>
         <input_file_ref idref="fl-20"/>
      </object_component>
      <object_component id="oc-660">
         <name>.text:ClockP_Params_init</name>
         <load_address>0x49e0</load_address>
         <run_address>0x49e0</run_address>
         <size>0xa</size>
         <input_file_ref idref="fl-17"/>
      </object_component>
      <object_component id="oc-3c1">
         <name>.text:ClockP_isActive</name>
         <load_address>0x49ea</load_address>
         <run_address>0x49ea</run_address>
         <size>0xa</size>
         <input_file_ref idref="fl-17"/>
      </object_component>
      <object_component id="oc-247">
         <name>.text:UART_read</name>
         <load_address>0x49f4</load_address>
         <run_address>0x49f4</run_address>
         <size>0xa</size>
         <input_file_ref idref="fl-12"/>
      </object_component>
      <object_component id="oc-23b">
         <name>.text:UART_write</name>
         <load_address>0x49fe</load_address>
         <run_address>0x49fe</run_address>
         <size>0xa</size>
         <input_file_ref idref="fl-12"/>
      </object_component>
      <object_component id="oc-34c">
         <name>.text:_outc</name>
         <load_address>0x4a08</load_address>
         <run_address>0x4a08</run_address>
         <size>0xa</size>
         <input_file_ref idref="fl-d6"/>
      </object_component>
      <object_component id="oc-2b2">
         <name>.text:HwiP_restore</name>
         <load_address>0x4a12</load_address>
         <run_address>0x4a12</run_address>
         <size>0x8</size>
         <input_file_ref idref="fl-18"/>
      </object_component>
      <object_component id="oc-496">
         <name>.text:__aeabi_errno_addr</name>
         <load_address>0x4a1c</load_address>
         <run_address>0x4a1c</run_address>
         <size>0x8</size>
         <input_file_ref idref="fl-f5"/>
      </object_component>
      <object_component id="oc-423">
         <name>.text:malloc</name>
         <load_address>0x4a24</load_address>
         <run_address>0x4a24</run_address>
         <size>0x8</size>
         <input_file_ref idref="fl-de"/>
      </object_component>
      <object_component id="oc-699">
         <name>.text:readSemCallback</name>
         <load_address>0x4a2c</load_address>
         <run_address>0x4a2c</run_address>
         <size>0x8</size>
         <input_file_ref idref="fl-13"/>
      </object_component>
      <object_component id="oc-693">
         <name>.text:writeSemCallback</name>
         <load_address>0x4a34</load_address>
         <run_address>0x4a34</run_address>
         <size>0x8</size>
         <input_file_ref idref="fl-13"/>
      </object_component>
      <object_component id="oc-818">
         <name>.text:ClockP_setTimeout</name>
         <load_address>0x4a3c</load_address>
         <run_address>0x4a3c</run_address>
         <size>0x4</size>
         <input_file_ref idref="fl-17"/>
      </object_component>
      <object_component id="oc-2ac">
         <name>.text:HwiP_disable</name>
         <load_address>0x4a40</load_address>
         <run_address>0x4a40</run_address>
         <size>0x4</size>
         <input_file_ref idref="fl-18"/>
      </object_component>
      <object_component id="oc-185">
         <name>.text:HwiP_enable</name>
         <load_address>0x4a44</load_address>
         <run_address>0x4a44</run_address>
         <size>0x4</size>
         <input_file_ref idref="fl-18"/>
      </object_component>
      <object_component id="oc-2b8">
         <name>.text:SemaphoreP_delete</name>
         <load_address>0x4a48</load_address>
         <run_address>0x4a48</run_address>
         <size>0x4</size>
         <input_file_ref idref="fl-16"/>
      </object_component>
      <object_component id="oc-139">
         <name>.text:_system_pre_init</name>
         <load_address>0x4a4c</load_address>
         <run_address>0x4a4c</run_address>
         <size>0x4</size>
         <input_file_ref idref="fl-eb"/>
      </object_component>
      <object_component id="oc-192">
         <name>.text:abort:abort</name>
         <load_address>0x4a50</load_address>
         <run_address>0x4a50</run_address>
         <size>0x4</size>
         <input_file_ref idref="fl-ed"/>
      </object_component>
      <object_component id="oc-c7">
         <name>.const:g_pppui32XTALtoVCO</name>
         <load_address>0x4a54</load_address>
         <run_address>0x4a54</run_address>
         <size>0x1b0</size>
         <input_file_ref idref="fl-1e"/>
      </object_component>
      <object_component id="oc-571">
         <name>.const:.string:_ctypes_</name>
         <load_address>0x4c04</load_address>
         <run_address>0x4c04</run_address>
         <size>0x101</size>
         <input_file_ref idref="fl-f2"/>
      </object_component>
      <object_component id="oc-324">
         <name>.const:.string:inPinTypes</name>
         <load_address>0x4d05</load_address>
         <run_address>0x4d05</run_address>
         <size>0x3</size>
         <input_file_ref idref="fl-10"/>
      </object_component>
      <object_component id="oc-6f3">
         <name>.const:g_pui32Regs</name>
         <load_address>0x4d08</load_address>
         <run_address>0x4d08</run_address>
         <size>0x9c</size>
         <input_file_ref idref="fl-1d"/>
      </object_component>
      <object_component id="oc-25c">
         <name>.const:.string:$P$T1$2</name>
         <load_address>0x4da4</load_address>
         <run_address>0x4da4</run_address>
         <size>0x66</size>
         <input_file_ref idref="fl-3"/>
      </object_component>
      <object_component id="oc-768">
         <name>.const:g_pui32GPIOBaseAddrs</name>
         <load_address>0x4e0c</load_address>
         <run_address>0x4e0c</run_address>
         <size>0x48</size>
         <input_file_ref idref="fl-1c"/>
      </object_component>
      <object_component id="oc-333">
         <name>.const:gpioBaseAddresses</name>
         <load_address>0x4e54</load_address>
         <run_address>0x4e54</run_address>
         <size>0x48</size>
         <input_file_ref idref="fl-10"/>
      </object_component>
      <object_component id="oc-31b">
         <name>.const:powerMgrIds</name>
         <load_address>0x4e9c</load_address>
         <run_address>0x4e9c</run_address>
         <size>0x48</size>
         <input_file_ref idref="fl-10"/>
      </object_component>
      <object_component id="oc-123">
         <name>.const:g_sXTALtoMEMTIM</name>
         <load_address>0x4ee4</load_address>
         <run_address>0x4ee4</run_address>
         <size>0x30</size>
         <input_file_ref idref="fl-1e"/>
      </object_component>
      <object_component id="oc-3f9">
         <name>.const:uartMSP432E4HWAttrs</name>
         <load_address>0x4f14</load_address>
         <run_address>0x4f14</run_address>
         <size>0x2c</size>
         <input_file_ref idref="fl-4"/>
      </object_component>
      <object_component id="oc-3f5">
         <name>.const:UARTMSP432E4_fxnTable</name>
         <load_address>0x4f40</load_address>
         <run_address>0x4f40</run_address>
         <size>0x28</size>
         <input_file_ref idref="fl-13"/>
      </object_component>
      <object_component id="oc-c1">
         <name>.const:g_pui32Xtals</name>
         <load_address>0x4f68</load_address>
         <run_address>0x4f68</run_address>
         <size>0x28</size>
         <input_file_ref idref="fl-1e"/>
      </object_component>
      <object_component id="oc-339">
         <name>.const:UART_defaultParams</name>
         <load_address>0x4f90</load_address>
         <run_address>0x4f90</run_address>
         <size>0x24</size>
         <input_file_ref idref="fl-12"/>
      </object_component>
      <object_component id="oc-327">
         <name>.const:.string:gpioInterruptVectors</name>
         <load_address>0x4fb4</load_address>
         <run_address>0x4fb4</run_address>
         <size>0x20</size>
         <input_file_ref idref="fl-10"/>
      </object_component>
      <object_component id="oc-68a">
         <name>.const:staticFxnTable</name>
         <load_address>0x4fd4</load_address>
         <run_address>0x4fd4</run_address>
         <size>0x20</size>
         <input_file_ref idref="fl-13"/>
      </object_component>
      <object_component id="oc-259">
         <name>.const:.string:$P$T0$1</name>
         <load_address>0x4ff4</load_address>
         <run_address>0x4ff4</run_address>
         <size>0x15</size>
         <input_file_ref idref="fl-3"/>
      </object_component>
      <object_component id="oc-2de">
         <name>.const</name>
         <load_address>0x5009</load_address>
         <run_address>0x5009</run_address>
         <size>0x3</size>
         <input_file_ref idref="fl-4"/>
      </object_component>
      <object_component id="oc-2d4">
         <name>.const:GPIOMSP432E4_config</name>
         <load_address>0x500c</load_address>
         <run_address>0x500c</run_address>
         <size>0x14</size>
         <input_file_ref idref="fl-4"/>
      </object_component>
      <object_component id="oc-82a">
         <name>.const:g_pui32Dii16Regs</name>
         <load_address>0x5020</load_address>
         <run_address>0x5020</run_address>
         <size>0x14</size>
         <input_file_ref idref="fl-1d"/>
      </object_component>
      <object_component id="oc-6f7">
         <name>.const:g_pui32EnRegs</name>
         <load_address>0x5034</load_address>
         <run_address>0x5034</run_address>
         <size>0x14</size>
         <input_file_ref idref="fl-1d"/>
      </object_component>
      <object_component id="oc-6a5">
         <name>.const:parityType</name>
         <load_address>0x5048</load_address>
         <run_address>0x5048</run_address>
         <size>0x14</size>
         <input_file_ref idref="fl-13"/>
      </object_component>
      <object_component id="oc-6ab">
         <name>.const:dataLength</name>
         <load_address>0x505c</load_address>
         <run_address>0x505c</run_address>
         <size>0x10</size>
         <input_file_ref idref="fl-13"/>
      </object_component>
      <object_component id="oc-2e1">
         <name>.const:UART_config</name>
         <load_address>0x506c</load_address>
         <run_address>0x506c</run_address>
         <size>0xc</size>
         <input_file_ref idref="fl-4"/>
      </object_component>
      <object_component id="oc-297">
         <name>.const:PowerMSP432E4_config</name>
         <load_address>0x5078</load_address>
         <run_address>0x5078</run_address>
         <size>0x8</size>
         <input_file_ref idref="fl-4"/>
      </object_component>
      <object_component id="oc-c4">
         <name>.const:g_pui32VCOFrequencies</name>
         <load_address>0x5080</load_address>
         <run_address>0x5080</run_address>
         <size>0x8</size>
         <input_file_ref idref="fl-1e"/>
      </object_component>
      <object_component id="oc-6a8">
         <name>.const:stopBits</name>
         <load_address>0x5088</load_address>
         <run_address>0x5088</run_address>
         <size>0x8</size>
         <input_file_ref idref="fl-13"/>
      </object_component>
      <object_component id="oc-31e">
         <name>.const:.string:outPinStrengths</name>
         <load_address>0x5090</load_address>
         <run_address>0x5090</run_address>
         <size>0x7</size>
         <input_file_ref idref="fl-10"/>
      </object_component>
      <object_component id="oc-330">
         <name>.const:.string:interruptType</name>
         <load_address>0x5097</load_address>
         <run_address>0x5097</run_address>
         <size>0x6</size>
         <input_file_ref idref="fl-10"/>
      </object_component>
      <object_component id="oc-321">
         <name>.const:.string:outPinTypes</name>
         <load_address>0x509d</load_address>
         <run_address>0x509d</run_address>
         <size>0x4</size>
         <input_file_ref idref="fl-10"/>
      </object_component>
      <object_component id="oc-872">
         <name>.cinit..data.load</name>
         <load_address>0x50a8</load_address>
         <run_address>0x50a8</run_address>
         <size>0xfd</size>
      </object_component>
      <object_component id="oc-86f">
         <name>__TI_handler_table</name>
         <load_address>0x51a8</load_address>
         <run_address>0x51a8</run_address>
         <size>0xc</size>
      </object_component>
      <object_component id="oc-873">
         <name>.cinit..bss.load</name>
         <load_address>0x51b8</load_address>
         <run_address>0x51b8</run_address>
         <size>0x8</size>
      </object_component>
      <object_component id="oc-871">
         <name>.cinit..vtable.load</name>
         <load_address>0x51c0</load_address>
         <run_address>0x51c0</run_address>
         <size>0x8</size>
      </object_component>
      <object_component id="oc-870">
         <name>__TI_cinit_table</name>
         <load_address>0x51c8</load_address>
         <run_address>0x51c8</run_address>
         <size>0x18</size>
      </object_component>
      <object_component id="oc-6ee">
         <name>.vtable</name>
         <uninitialized>true</uninitialized>
         <run_address>0x20000000</run_address>
         <size>0x26c</size>
         <input_file_ref idref="fl-1d"/>
      </object_component>
      <object_component id="oc-3e7">
         <name>.data:gpioPinConfigs</name>
         <load_address>0x20008674</load_address>
         <run_address>0x20008674</run_address>
         <size>0x4</size>
         <input_file_ref idref="fl-4"/>
      </object_component>
      <object_component id="oc-3ea">
         <name>.data:gpioCallbackFunctions</name>
         <load_address>0x20008670</load_address>
         <run_address>0x20008670</run_address>
         <size>0x4</size>
         <input_file_ref idref="fl-4"/>
      </object_component>
      <object_component id="oc-2d1">
         <name>.data</name>
         <load_address>0x20008660</load_address>
         <run_address>0x20008660</run_address>
         <size>0x5</size>
         <input_file_ref idref="fl-10"/>
      </object_component>
      <object_component id="oc-29a">
         <name>.data:PowerMSP432E4_module</name>
         <load_address>0x200084dc</load_address>
         <run_address>0x200084dc</run_address>
         <size>0x16c</size>
         <input_file_ref idref="fl-11"/>
      </object_component>
      <object_component id="oc-2db">
         <name>.data</name>
         <load_address>0x2000866d</load_address>
         <run_address>0x2000866d</run_address>
         <size>0x1</size>
         <input_file_ref idref="fl-12"/>
      </object_component>
      <object_component id="oc-3d3">
         <name>.data</name>
         <load_address>0x20008665</load_address>
         <run_address>0x20008665</run_address>
         <size>0x3</size>
         <input_file_ref idref="fl-16"/>
      </object_component>
      <object_component id="oc-4c0">
         <name>.data:SemaphoreP_defaultParams</name>
         <load_address>0x20008658</load_address>
         <run_address>0x20008658</run_address>
         <size>0x8</size>
         <input_file_ref idref="fl-16"/>
      </object_component>
      <object_component id="oc-741">
         <name>.data</name>
         <load_address>0x20008668</load_address>
         <run_address>0x20008668</run_address>
         <size>0x5</size>
         <input_file_ref idref="fl-17"/>
      </object_component>
      <object_component id="oc-56c">
         <name>.data:HwiP_dispatchTable</name>
         <load_address>0x20008270</load_address>
         <run_address>0x20008270</run_address>
         <size>0x26c</size>
         <input_file_ref idref="fl-18"/>
      </object_component>
      <object_component id="oc-569">
         <name>.data</name>
         <load_address>0x20008678</load_address>
         <run_address>0x20008678</run_address>
         <size>0x4</size>
         <input_file_ref idref="fl-18"/>
      </object_component>
      <object_component id="oc-5fd">
         <name>.data:$O1$$</name>
         <load_address>0x20008650</load_address>
         <run_address>0x20008650</run_address>
         <size>0x8</size>
         <input_file_ref idref="fl-de"/>
      </object_component>
      <object_component id="oc-265">
         <name>.data:$O1$$</name>
         <load_address>0x20008648</load_address>
         <run_address>0x20008648</run_address>
         <size>0x8</size>
         <input_file_ref idref="fl-ee"/>
      </object_component>
      <object_component id="oc-5d8">
         <name>.data</name>
         <load_address>0x2000867c</load_address>
         <run_address>0x2000867c</run_address>
         <size>0x4</size>
         <input_file_ref idref="fl-f5"/>
      </object_component>
      <object_component id="oc-53e">
         <name>.bss:uartMSP432E4RingBuffer0</name>
         <uninitialized>true</uninitialized>
         <run_address>0x20008774</run_address>
         <size>0x20</size>
         <input_file_ref idref="fl-4"/>
      </object_component>
      <object_component id="oc-2d7">
         <name>.bss:gpioCallbackInfo</name>
         <uninitialized>true</uninitialized>
         <run_address>0x20008680</run_address>
         <size>0x90</size>
         <input_file_ref idref="fl-10"/>
      </object_component>
      <object_component id="oc-2d0">
         <name>.bss</name>
         <uninitialized>true</uninitialized>
         <run_address>0x20008794</run_address>
         <size>0x4</size>
         <input_file_ref idref="fl-10"/>
      </object_component>
      <object_component id="oc-744">
         <name>.bss</name>
         <uninitialized>true</uninitialized>
         <run_address>0x200087a8</run_address>
         <size>0x4</size>
         <input_file_ref idref="fl-17"/>
      </object_component>
      <object_component id="oc-3f8">
         <name>.common:uartMSP432E4Objects</name>
         <uninitialized>true</uninitialized>
         <run_address>0x20008710</run_address>
         <size>0x64</size>
      </object_component>
      <object_component id="oc-f2">
         <name>.common:ClockP_ctrl</name>
         <uninitialized>true</uninitialized>
         <run_address>0x20008798</run_address>
         <size>0x10</size>
      </object_component>
      <object_component id="oc-29">
         <name>.sysmem</name>
         <uninitialized>true</uninitialized>
         <run_address>0x20000270</run_address>
         <size>0x10</size>
         <input_file_ref idref="fl-de"/>
      </object_component>
      <object_component id="oc-876">
         <name>.sysmem</name>
         <uninitialized>true</uninitialized>
         <run_address>0x20000270</run_address>
         <size>0x0</size>
      </object_component>
      <object_component id="oc-2c">
         <name>.stack</name>
         <uninitialized>true</uninitialized>
         <run_address>0x2003f000</run_address>
         <size>0x4</size>
         <input_file_ref idref="fl-e1"/>
      </object_component>
      <object_component id="oc-875">
         <name>.stack</name>
         <uninitialized>true</uninitialized>
         <run_address>0x2003f000</run_address>
         <size>0x0</size>
      </object_component>
      <object_component id="oc-26">
         <name>.intvecs:retain</name>
         <load_address>0x0</load_address>
         <run_address>0x0</run_address>
         <size>0x200</size>
         <input_file_ref idref="fl-1a"/>
      </object_component>
      <object_component id="oc-16f">
         <name>.debug_info</name>
         <load_address>0x0</load_address>
         <run_address>0x0</run_address>
         <size>0x2ea</size>
         <input_file_ref idref="fl-2"/>
      </object_component>
      <object_component id="oc-143">
         <name>.debug_info</name>
         <load_address>0x2ea</load_address>
         <run_address>0x2ea</run_address>
         <size>0x154</size>
         <input_file_ref idref="fl-2"/>
      </object_component>
      <object_component id="oc-102">
         <name>.debug_info</name>
         <load_address>0x43e</load_address>
         <run_address>0x43e</run_address>
[...]
      </symbol>
      <symbol id="sm-5b7">
         <name>ClockP_isActive</name>
         <value>0x49eb</value>
         <object_component_ref idref="oc-3c1"/>
      </symbol>
      <symbol id="sm-5b8">
         <name>ClockP_getCpuFreq</name>
         <value>0x491d</value>
         <object_component_ref idref="oc-67e"/>
      </symbol>
      <symbol id="sm-5b9">
         <name>ClockP_add</name>
         <value>0x48fb</value>
         <object_component_ref idref="oc-3af"/>
      </symbol>
      <symbol id="sm-632">
         <name>HwiP_delete</name>
         <value>0x492d</value>
         <object_component_ref idref="oc-627"/>
      </symbol>
      <symbol id="sm-633">
         <name>HwiP_construct</name>
         <value>0x31fd</value>
         <object_component_ref idref="oc-429"/>
      </symbol>
      <symbol id="sm-634">
         <name>HwiP_inISR</name>
         <value>0x4841</value>
         <object_component_ref idref="oc-3d8"/>
      </symbol>
      <symbol id="sm-635">
         <name>HwiP_destruct</name>
         <value>0x488f</value>
         <object_component_ref idref="oc-75c"/>
      </symbol>
      <symbol id="sm-636">
         <name>HwiP_swiPIntNum</name>
         <value>0x20008678</value>
         <object_component_ref idref="oc-569"/>
      </symbol>
      <symbol id="sm-637">
         <name>HwiP_Params_init</name>
         <value>0x487d</value>
         <object_component_ref idref="oc-303"/>
      </symbol>
      <symbol id="sm-638">
         <name>HwiP_disable</name>
         <value>0x4a41</value>
         <object_component_ref idref="oc-2ac"/>
      </symbol>
      <symbol id="sm-639">
         <name>HwiP_create</name>
         <value>0x43ed</value>
         <object_component_ref idref="oc-309"/>
      </symbol>
      <symbol id="sm-63a">
         <name>HwiP_enable</name>
         <value>0x4a45</value>
         <object_component_ref idref="oc-185"/>
      </symbol>
      <symbol id="sm-63b">
         <name>HwiP_restore</name>
         <value>0x4a13</value>
         <object_component_ref idref="oc-2b2"/>
      </symbol>
      <symbol id="sm-648">
         <name>PowerMSP432E4_sleepPolicy</name>
         <value>0x495d</value>
         <object_component_ref idref="oc-38c"/>
      </symbol>
      <symbol id="sm-686">
         <name>resetISR</name>
         <value>0x4555</value>
         <object_component_ref idref="oc-20"/>
      </symbol>
      <symbol id="sm-687">
         <name>resetVectors</name>
         <value>0x0</value>
         <object_component_ref idref="oc-26"/>
      </symbol>
      <symbol id="sm-6aa">
         <name>FPUEnable</name>
         <value>0x4701</value>
         <object_component_ref idref="oc-58"/>
      </symbol>
      <symbol id="sm-726">
         <name>GPIOPinConfigure</name>
         <value>0x3ce1</value>
         <object_component_ref idref="oc-648"/>
      </symbol>
      <symbol id="sm-727">
         <name>GPIOIntTypeSet</name>
         <value>0x289d</value>
         <object_component_ref idref="oc-30f"/>
      </symbol>
      <symbol id="sm-728">
         <name>GPIOIntClear</name>
         <value>0x4803</value>
         <object_component_ref idref="oc-315"/>
      </symbol>
      <symbol id="sm-729">
         <name>GPIOPinTypeUART</name>
         <value>0x4441</value>
         <object_component_ref idref="oc-654"/>
      </symbol>
      <symbol id="sm-72a">
         <name>GPIOIntStatus</name>
         <value>0x44d1</value>
         <object_component_ref idref="oc-43c"/>
      </symbol>
      <symbol id="sm-72b">
         <name>GPIODirModeSet</name>
         <value>0x3685</value>
         <object_component_ref idref="oc-2eb"/>
      </symbol>
      <symbol id="sm-72c">
         <name>GPIOPinWrite</name>
         <value>0x44f3</value>
         <object_component_ref idref="oc-2f1"/>
      </symbol>
      <symbol id="sm-72d">
         <name>GPIOPadConfigSet</name>
         <value>0x1491</value>
         <object_component_ref idref="oc-2f7"/>
      </symbol>
      <symbol id="sm-7ad">
         <name>IntPrioritySet</name>
         <value>0x38f5</value>
         <object_component_ref idref="oc-557"/>
      </symbol>
      <symbol id="sm-7ae">
         <name>IntEnable</name>
         <value>0x3011</value>
         <object_component_ref idref="oc-55d"/>
      </symbol>
      <symbol id="sm-7af">
         <name>IntDisable</name>
         <value>0x2f91</value>
         <object_component_ref idref="oc-7fe"/>
      </symbol>
      <symbol id="sm-7b0">
         <name>IntRegister</name>
         <value>0x36e1</value>
         <object_component_ref idref="oc-551"/>
      </symbol>
      <symbol id="sm-7b1">
         <name>IntMasterDisable</name>
         <value>0x493d</value>
         <object_component_ref idref="oc-52"/>
      </symbol>
      <symbol id="sm-7b2">
         <name>IntUnregister</name>
         <value>0x45ed</value>
         <object_component_ref idref="oc-804"/>
      </symbol>
      <symbol id="sm-7b3">
         <name>g_pfnRAMVectors</name>
         <value>0x20000000</value>
         <object_component_ref idref="oc-6ee"/>
      </symbol>
      <symbol id="sm-7b4">
         <name>IntMasterEnable</name>
         <value>0x494d</value>
         <object_component_ref idref="oc-210"/>
      </symbol>
      <symbol id="sm-882">
         <name>SysCtlPeripheralPresent</name>
         <value>0x3d69</value>
         <object_component_ref idref="oc-3fe"/>
      </symbol>
      <symbol id="sm-883">
         <name>SysCtlPeripheralClockGating</name>
         <value>0x43c1</value>
         <object_component_ref idref="oc-291"/>
      </symbol>
      <symbol id="sm-884">
         <name>SysCtlPeripheralEnable</name>
         <value>0x3f7d</value>
         <object_component_ref idref="oc-40a"/>
      </symbol>
      <symbol id="sm-885">
         <name>SysCtlPeripheralPowerOff</name>
         <value>0x3fbd</value>
         <object_component_ref idref="oc-28b"/>
      </symbol>
      <symbol id="sm-886">
         <name>SysCtlPeripheralPowerOn</name>
         <value>0x3ffd</value>
         <object_component_ref idref="oc-404"/>
      </symbol>
      <symbol id="sm-887">
         <name>SysCtlPeripheralSleepDisable</name>
         <value>0x403d</value>
         <object_component_ref idref="oc-753"/>
      </symbol>
      <symbol id="sm-888">
         <name>SysCtlPeripheralDisable</name>
         <value>0x3f3d</value>
         <object_component_ref idref="oc-74d"/>
      </symbol>
      <symbol id="sm-889">
         <name>SysCtlPeripheralSleepEnable</name>
         <value>0x407d</value>
         <object_component_ref idref="oc-410"/>
      </symbol>
      <symbol id="sm-88a">
         <name>SysCtlPeripheralReady</name>
         <value>0x3dad</value>
         <object_component_ref idref="oc-416"/>
      </symbol>
      <symbol id="sm-88b">
         <name>SysCtlClockFreqSet</name>
         <value>0xf41</value>
         <object_component_ref idref="oc-5e"/>
      </symbol>
      <symbol id="sm-930">
         <name>UARTCharPutNonBlocking</name>
         <value>0x4489</value>
         <object_component_ref idref="oc-7d5"/>
      </symbol>
      <symbol id="sm-931">
         <name>UARTTxIntModeSet</name>
         <value>0x4641</value>
         <object_component_ref idref="oc-6da"/>
      </symbol>
      <symbol id="sm-932">
         <name>UARTRxErrorClear</name>
         <value>0x498d</value>
         <object_component_ref idref="oc-7a8"/>
      </symbol>
      <symbol id="sm-933">
         <name>UARTFlowControlSet</name>
         <value>0x4625</value>
         <object_component_ref idref="oc-65a"/>
      </symbol>
      <symbol id="sm-934">
         <name>UARTConfigSetExpClk</name>
         <value>0x3187</value>
         <object_component_ref idref="oc-684"/>
      </symbol>
      <symbol id="sm-935">
         <name>UARTDisable</name>
         <value>0x4361</value>
         <object_component_ref idref="oc-609"/>
      </symbol>
      <symbol id="sm-936">
         <name>UARTBusy</name>
         <value>0x4575</value>
         <object_component_ref idref="oc-6c8"/>
      </symbol>
      <symbol id="sm-937">
         <name>UARTIntEnable</name>
         <value>0x4761</value>
         <object_component_ref idref="oc-63a"/>
      </symbol>
      <symbol id="sm-938">
         <name>UARTCharsAvail</name>
         <value>0x45b1</value>
         <object_component_ref idref="oc-811"/>
      </symbol>
      <symbol id="sm-939">
         <name>UARTCharGetNonBlocking</name>
         <value>0x4609</value>
         <object_component_ref idref="oc-7c4"/>
      </symbol>
      <symbol id="sm-93a">
         <name>UARTIntDisable</name>
         <value>0x4749</value>
         <object_component_ref idref="oc-603"/>
      </symbol>
      <symbol id="sm-93b">
         <name>UARTCharPut</name>
         <value>0x4593</value>
         <object_component_ref idref="oc-6c0"/>
      </symbol>
      <symbol id="sm-93c">
         <name>UARTRxErrorGet</name>
         <value>0x48c5</value>
         <object_component_ref idref="oc-7a2"/>
      </symbol>
      <symbol id="sm-93d">
         <name>UARTEnable</name>
         <value>0x44ad</value>
         <object_component_ref idref="oc-672"/>
      </symbol>
      <symbol id="sm-93e">
         <name>UARTIntClear</name>
         <value>0x48b3</value>
         <object_component_ref idref="oc-66c"/>
      </symbol>
      <symbol id="sm-93f">
         <name>UARTIntStatus</name>
         <value>0x45cf</value>
         <object_component_ref idref="oc-6ce"/>
      </symbol>
      <symbol id="sm-940">
         <name>UARTCharGet</name>
         <value>0x47d7</value>
         <object_component_ref idref="oc-6ba"/>
      </symbol>
      <symbol id="sm-941">
         <name>UARTFIFOLevelSet</name>
         <value>0x4731</value>
         <object_component_ref idref="oc-678"/>
      </symbol>
      <symbol id="sm-953">
         <name>CPUcpsie</name>
         <value>0x49d5</value>
         <object_component_ref idref="oc-29f"/>
      </symbol>
      <symbol id="sm-954">
         <name>CPUcpsid</name>
         <value>0x49c9</value>
         <object_component_ref idref="oc-a8"/>
      </symbol>
      <symbol id="sm-97b">
         <name>sprintf</name>
         <value>0x413d</value>
         <object_component_ref idref="oc-241"/>
      </symbol>
      <symbol id="sm-997">
         <name>memcpy</name>
         <value>0x2a7f</value>
         <object_component_ref idref="oc-3a"/>
      </symbol>
      <symbol id="sm-998">
         <name>__aeabi_memcpy</name>
         <value>0x2a7f</value>
         <object_component_ref idref="oc-3a"/>
      </symbol>
      <symbol id="sm-999">
         <name>__aeabi_memcpy8</name>
         <value>0x2a7f</value>
         <object_component_ref idref="oc-3a"/>
      </symbol>
      <symbol id="sm-99a">
         <name>__aeabi_memcpy4</name>
         <value>0x2a7f</value>
         <object_component_ref idref="oc-3a"/>
      </symbol>
      <symbol id="sm-9a9">
         <name>__aeabi_memset</name>
         <value>0x310f</value>
         <object_component_ref idref="oc-a2"/>
      </symbol>
      <symbol id="sm-9aa">
         <name>memset</name>
         <value>0x3115</value>
         <object_component_ref idref="oc-a2"/>
      </symbol>
      <symbol id="sm-9ab">
         <name>__aeabi_memset8</name>
         <value>0x310f</value>
         <object_component_ref idref="oc-a2"/>
      </symbol>
      <symbol id="sm-9ac">
         <name>__aeabi_memset4</name>
         <value>0x310f</value>
         <object_component_ref idref="oc-a2"/>
      </symbol>
      <symbol id="sm-9ad">
         <name>__aeabi_memclr8</name>
         <value>0x310d</value>
         <object_component_ref idref="oc-a2"/>
      </symbol>
      <symbol id="sm-9ae">
         <name>__aeabi_memclr4</name>
         <value>0x310d</value>
         <object_component_ref idref="oc-a2"/>
      </symbol>
      <symbol id="sm-9af">
         <name>__aeabi_memclr</name>
         <value>0x310d</value>
         <object_component_ref idref="oc-a2"/>
      </symbol>
      <symbol id="sm-9bc">
         <name>__aeabi_uldivmod</name>
         <value>0x2bb3</value>
         <object_component_ref idref="oc-576"/>
      </symbol>
      <symbol id="sm-9d5">
         <name>__TI_zero_init_nomemset</name>
         <value>0x465d</value>
         <object_component_ref idref="oc-46"/>
      </symbol>
      <symbol id="sm-9ec">
         <name>__TI_decompress_none</name>
         <value>0x49bb</value>
         <object_component_ref idref="oc-19"/>
      </symbol>
      <symbol id="sm-a0f">
         <name>__TI_decompress_lzss</name>
         <value>0x3489</value>
         <object_component_ref idref="oc-13"/>
      </symbol>
      <symbol id="sm-a98">
         <name>_sys_memory</name>
         <value>0x20000270</value>
         <object_component_ref idref="oc-29"/>
      </symbol>
      <symbol id="sm-a99">
         <name>free</name>
         <value>0x2435</value>
         <object_component_ref idref="oc-3a8"/>
      </symbol>
      <symbol id="sm-a9a">
         <name>memalign</name>
         <value>0x2239</value>
         <object_component_ref idref="oc-54a"/>
      </symbol>
      <symbol id="sm-a9b">
         <name>malloc</name>
         <value>0x4a25</value>
         <object_component_ref idref="oc-423"/>
      </symbol>
      <symbol id="sm-a9c">
         <name>aligned_alloc</name>
         <value>0x2239</value>
         <object_component_ref idref="oc-54a"/>
      </symbol>
      <symbol id="sm-aab">
         <name>strcmp</name>
         <value>0x47a9</value>
         <object_component_ref idref="oc-24d"/>
      </symbol>
      <symbol id="sm-ab9">
         <name>strlen</name>
         <value>0x4869</value>
         <object_component_ref idref="oc-253"/>
      </symbol>
      <symbol id="sm-acc">
         <name>__stack</name>
         <value>0x2003f000</value>
         <object_component_ref idref="oc-2c"/>
      </symbol>
      <symbol id="sm-acd">
         <name>_c_int00_noargs</name>
         <value>0x429d</value>
         <object_component_ref idref="oc-d6"/>
      </symbol>
      <symbol id="sm-c32">
         <name>__TI_printfi</name>
         <value>0x201</value>
         <object_component_ref idref="oc-340"/>
      </symbol>
      <symbol id="sm-c3c">
         <name>__aeabi_idiv0</name>
         <value>0x41bb</value>
         <object_component_ref idref="oc-705"/>
      </symbol>
      <symbol id="sm-c3d">
         <name>__aeabi_ldiv0</name>
         <value>0x41bb</value>
         <object_component_ref idref="oc-705"/>
      </symbol>
      <symbol id="sm-c54">
         <name>__aeabi_dsub</name>
         <value>0x1a55</value>
         <object_component_ref idref="oc-59c"/>
      </symbol>
      <symbol id="sm-c55">
         <name>__aeabi_dadd</name>
         <value>0x1a5f</value>
         <object_component_ref idref="oc-59c"/>
      </symbol>
      <symbol id="sm-c77">
         <name>__aeabi_cdcmpeq</name>
         <value>0x2e85</value>
         <object_component_ref idref="oc-46d"/>
      </symbol>
      <symbol id="sm-c78">
         <name>__aeabi_cdcmple</name>
         <value>0x2e85</value>
         <object_component_ref idref="oc-46d"/>
      </symbol>
      <symbol id="sm-c79">
         <name>__aeabi_cdrcmple</name>
         <value>0x2f0b</value>
         <object_component_ref idref="oc-587"/>
      </symbol>
      <symbol id="sm-c8d">
         <name>__aeabi_ddiv</name>
         <value>0x1ecd</value>
         <object_component_ref idref="oc-582"/>
      </symbol>
      <symbol id="sm-c98">
         <name>__aeabi_dmul</name>
         <value>0x2339</value>
         <object_component_ref idref="oc-57d"/>
      </symbol>
      <symbol id="sm-ca2">
         <name>__aeabi_d2iz</name>
         <value>0x3c0d</value>
         <object_component_ref idref="oc-58c"/>
      </symbol>
      <symbol id="sm-cac">
         <name>__aeabi_i2d</name>
         <value>0x4391</value>
         <object_component_ref idref="oc-597"/>
      </symbol>
      <symbol id="sm-cd4">
         <name>__TI_auto_init_nobinit_nopinit</name>
         <value>0x3e79</value>
         <object_component_ref idref="oc-19e"/>
      </symbol>
      <symbol id="sm-cde">
         <name>_system_pre_init</name>
         <value>0x4a4d</value>
         <object_component_ref idref="oc-139"/>
      </symbol>
      <symbol id="sm-cea">
         <name>C$$EXIT</name>
         <value>0x4a51</value>
         <object_component_ref idref="oc-192"/>
      </symbol>
      <symbol id="sm-ceb">
         <name>abort</name>
         <value>0x4a51</value>
         <object_component_ref idref="oc-192"/>
      </symbol>
      <symbol id="sm-d00">
         <name>_nop</name>
         <value>0x2003</value>
         <object_component_ref idref="oc-36b"/>
      </symbol>
      <symbol id="sm-d01">
         <name>_lock</name>
         <value>0x20008648</value>
         <object_component_ref idref="oc-265"/>
      </symbol>
      <symbol id="sm-d02">
         <name>_unlock</name>
         <value>0x2000864c</value>
         <object_component_ref idref="oc-265"/>
      </symbol>
      <symbol id="sm-d11">
         <name>__TI_ltoa</name>
         <value>0x3949</value>
         <object_component_ref idref="oc-591"/>
      </symbol>
      <symbol id="sm-d28">
         <name>atoi</name>
         <value>0x3b2d</value>
         <object_component_ref idref="oc-461"/>
      </symbol>
      <symbol id="sm-d33">
         <name>_ctypes_</name>
         <value>0x4c04</value>
         <object_component_ref idref="oc-571"/>
      </symbol>
      <symbol id="sm-d43">
         <name>memccpy</name>
         <value>0x4695</value>
         <object_component_ref idref="oc-48a"/>
      </symbol>
      <symbol id="sm-d53">
         <name>strchr</name>
         <value>0x47ed</value>
         <object_component_ref idref="oc-5c8"/>
      </symbol>
      <symbol id="sm-d69">
         <name>__aeabi_errno_addr</name>
         <value>0x4a1d</value>
         <object_component_ref idref="oc-496"/>
      </symbol>
      <symbol id="sm-d6a">
         <name>errno</name>
         <value>0x2000867c</value>
         <object_component_ref idref="oc-5d8"/>
      </symbol>
      <symbol id="sm-d83">
         <name>wcslen</name>
         <value>0x48e9</value>
         <object_component_ref idref="oc-490"/>
      </symbol>
      <symbol id="sm-da3">
         <name>frexpl</name>
         <value>0x35bd</value>
         <object_component_ref idref="oc-5bc"/>
      </symbol>
      <symbol id="sm-da4">
         <name>frexp</name>
         <value>0x35bd</value>
         <object_component_ref idref="oc-5bc"/>
      </symbol>
      <symbol id="sm-dc1">
         <name>scalbn</name>
         <value>0x2129</value>
         <object_component_ref idref="oc-5c2"/>
      </symbol>
      <symbol id="sm-dc2">
         <name>scalbnl</name>
         <value>0x2129</value>
         <object_component_ref idref="oc-5c2"/>
      </symbol>
      <symbol id="sm-dc3">
         <name>ldexpl</name>
         <value>0x2129</value>
         <object_component_ref idref="oc-5c2"/>
      </symbol>
      <symbol id="sm-dc4">
         <name>ldexp</name>
         <value>0x2129</value>
         <object_component_ref idref="oc-5c2"/>
      </symbol>
      <symbol id="sm-dce">
         <name>copysign</name>
         <value>0x46e5</value>
         <object_component_ref idref="oc-71e"/>
      </symbol>
      <symbol id="sm-dcf">
         <name>copysignl</name>
         <value>0x46e5</value>
         <object_component_ref idref="oc-71e"/>
      </symbol>
      <symbol id="sm-dd0">
         <name>__TI_static_base__</name>
         <value>0x50a8</value>
      </symbol>
      <symbol id="sm-dd3">
         <name>__mpu_init</name>
         <value>0x0</value>
      </symbol>
      <symbol id="sm-dd4">
         <name>_system_post_cinit</name>
         <value>0x0</value>
      </symbol>
      <symbol id="sm-dd5">
         <name>NoRTOS_start</name>
         <value>0x4a45</value>
      </symbol>
   </symbol_table>
   <title>Link successful</title>
</link_info>
