******************************************************************************
                  TI ARM Linker PC v20.2.7                     
******************************************************************************
>> Linked Tue Aug 29 22:58:38 2023

OUTPUT FILE NAME:   <uartecho_MSP_EXP432E401Y_nortos_ccs.out>
ENTRY POINT SYMBOL: "resetISR"  address: 00004555


MEMORY CONFIGURATION

         name            origin    length      used     unused   attr    fill
----------------------  --------  ---------  --------  --------  ----  --------
  FLASH                 00000000   00100000  000051d9  000fae27  R  X
  SRAM                  20000000   00040000  000097a8  00036858  RW X


SEGMENT ALLOCATION MAP

run origin  load origin   length   init length attrs members
----------  ----------- ---------- ----------- ----- -------
00000000    00000000    000051e0   000051e0    r-x
  00000000    00000000    00000200   00000200    r-- .intvecs
  00000200    00000200    00004854   00004854    r-x .text
  00004a54    00004a54    0000064d   0000064d    r-- .const
  000050a8    000050a8    00000138   00000138    r-- .cinit
20000000    20000000    000087ac   00000000    rw-
  20000000    20000000    0000026c   00000000    rw- .vtable
  20000270    20000270    00008000   00000000    rw- .sysmem
  20008270    20008270    00000410   00000000    rw- .data
  20008680    20008680    0000012c   00000000    rw- .bss
2003f000    2003f000    00001000   00000000    rw-
  2003f000    2003f000    00001000   00000000    rw- .stack


SECTION ALLOCATION MAP

 output                                  attributes/
section   page    origin      length       input sections
--------  ----  ----------  ----------   ----------------
.intvecs   0    00000000    00000200     
                  00000000    00000200     nortos_msp432e4.aem4f : startup_msp432e4_ccs.oem4f (.intvecs:retain)

.text      0    00000200    00004854     
                  00000200    00000a4e     rtsv7M4_T_le_v4SPD16_eabi.lib : _printfi.c.obj (.text:__TI_printfi)
                  00000c4e    00000002     ti_drivers_config.obj (.text:Board_initHook)
                  00000c50    000002f0     drivers_msp432e4.aem4f : UARTMSP432E4.oem4f (.text:UARTMSP432E4_open)
                  00000f40    000002e0     msp432e4_driverlib.a : sysctl.o (.text:SysCtlClockFreqSet)
                  00001220    00000270     rtsv7M4_T_le_v4SPD16_eabi.lib : _printfi.c.obj (.text:_pconv_a)
                  00001490    0000023a     msp432e4_driverlib.a : gpio.o (.text:GPIOPadConfigSet)
                  000016ca    00000002     drivers_msp432e4.aem4f : UARTMSP432E4.oem4f (.text:UARTMSP432E4_init)
                  000016cc    000001d0     rtsv7M4_T_le_v4SPD16_eabi.lib : _printfi.c.obj (.text:_pconv_g)
                  0000189c    000001b8     uartecho.obj (.text:mainThread)
                  00001a54    000001b6     rtsv7M4_T_le_v4SPD16_eabi.lib : fd_add_t2.asm.obj (.text)
                  00001c0a    00000002     msp432e4_driverlib.a : interrupt.o (.text:_IntDefaultHandler)
                  00001c0c    00000184     drivers_msp432e4.aem4f : GPIOMSP432E4.oem4f (.text:GPIO_setConfig)
                  00001d90    0000013c     rtsv7M4_T_le_v4SPD16_eabi.lib : _printfi.c.obj (.text:_pconv_e)
                  00001ecc    00000136                                   : fd_div_t2.asm.obj (.text)
                  00002002    00000002                                   : _lock.c.obj (.text:_nop)
                  00002004    00000124                                   : _printfi.c.obj (.text:fcvt)
                  00002128    00000110                                   : s_scalbn.c.obj (.text:scalbn)
                  00002238    00000100                                   : memory.c.obj (.text:aligned_alloc)
                  00002338    000000fc                                   : fd_mul_t2.asm.obj (.text)
                  00002434    000000e4                                   : memory.c.obj (.text:free)
                  00002518    000000be     drivers_msp432e4.aem4f : UARTMSP432E4.oem4f (.text:UARTMSP432E4_close)
                  000025d6    000000b6                            : UARTMSP432E4.oem4f (.text:readTaskCallback)
                  0000268c    000000b1     rtsv7M4_T_le_v4SPD16_eabi.lib : _printfi.c.obj (.text:_ltostr)
                  0000273d    00000001     --HOLE-- [fill = 0]
                  0000273e    000000b0     drivers_msp432e4.aem4f : UARTMSP432E4.oem4f (.text:readTaskBlocking)
                  000027ee    00000002     nortos_msp432e4.aem4f : startup_msp432e4_ccs.oem4f (.text:busFaultHandler)
                  000027f0    000000ac     drivers_msp432e4.aem4f : GPIOMSP432E4.oem4f (.text:GPIO_init)
                  0000289c    000000a4     msp432e4_driverlib.a : gpio.o (.text:GPIOIntTypeSet)
                  00002940    000000a0     nortos_msp432e4.aem4f : SemaphoreP_nortos.oem4f (.text:SemaphoreP_pend)
                  000029e0    0000009e     drivers_msp432e4.aem4f : UARTMSP432E4.oem4f (.text:UARTMSP432E4_readPolling)
                  00002a7e    0000009c     rtsv7M4_T_le_v4SPD16_eabi.lib : memcpy_t2.asm.obj (.text)
                  00002b1a    00000098     drivers_msp432e4.aem4f : UARTMSP432E4.oem4f (.text:UARTMSP432E4_write)
                  00002bb2    00000096     rtsv7M4_T_le_v4SPD16_eabi.lib : ull_div_t2.asm.obj (.text)
                  00002c48    00000094     drivers_msp432e4.aem4f : UARTMSP432E4.oem4f (.text:readIsrTextBlocking)
                  00002cdc    00000090                            : UARTMSP432E4.oem4f (.text:UARTMSP432E4_control)
                  00002d6c    00000090     msp432e4_driverlib.a : sysctl.o (.text:_SysCtlFrequencyGet)
                  00002dfc    00000088     drivers_msp432e4.aem4f : UARTMSP432E4.oem4f (.text:readIsrTextCallback)
                  00002e84    00000086     rtsv7M4_T_le_v4SPD16_eabi.lib : fd_cmp_t2.asm.obj (.text:__aeabi_cdcmple)
                  00002f0a    00000086                                   : fd_cmp_t2.asm.obj (.text:__aeabi_cdrcmple)
                  00002f90    00000080     msp432e4_driverlib.a : interrupt.o (.text:IntDisable)
                  00003010    00000080                          : interrupt.o (.text:IntEnable)
                  00003090    0000007c     drivers_msp432e4.aem4f : UARTMSP432E4.oem4f (.text:writeData)
                  0000310c    0000007a     rtsv7M4_T_le_v4SPD16_eabi.lib : memset_t2.asm.obj (.text)
                  00003186    00000076     msp432e4_driverlib.a : uart.o (.text:UARTConfigSetExpClk)
                  000031fc    00000070     nortos_msp432e4.aem4f : HwiPMSP432E4_nortos.oem4f (.text:HwiP_construct)
                  0000326c    00000070     rtsv7M4_T_le_v4SPD16_eabi.lib : memory.c.obj (.text:split)
                  000032dc    0000006e                                   : _printfi.c.obj (.text:_mcpy)
                  0000334a    00000002     nortos_msp432e4.aem4f : SemaphoreP_nortos.oem4f (.text:clkFxn)
                  0000334c    0000006c     drivers_msp432e4.aem4f : PowerMSP432E4.oem4f (.text:Power_releaseDependency)
                  000033b8    00000068                            : GPIOMSP432E4.oem4f (.text:GPIO_hwiIntFxn)
                  00003420    00000068                            : PowerMSP432E4.oem4f (.text:Power_setDependency)
                  00003488    00000068     rtsv7M4_T_le_v4SPD16_eabi.lib : copy_decompress_lzss.c.obj (.text:decompress:lzss:__TI_decompress_lzss)
                  000034f0    00000068     drivers_msp432e4.aem4f : UARTMSP432E4.oem4f (.text:readIsrBinaryBlocking)
                  00003558    00000064                            : PowerMSP432E4.oem4f (.text:Power_init)
                  000035bc    00000064     rtsv7M4_T_le_v4SPD16_eabi.lib : s_frexp.c.obj (.text:frexp)
                  00003620    00000064     drivers_msp432e4.aem4f : UARTMSP432E4.oem4f (.text:readIsrBinaryCallback)
                  00003684    0000005c     msp432e4_driverlib.a : gpio.o (.text:GPIODirModeSet)
                  000036e0    0000005c                          : interrupt.o (.text:IntRegister)
                  0000373c    0000005c     drivers_msp432e4.aem4f : UARTMSP432E4.oem4f (.text:getPowerResourceId)
                  00003798    00000058                            : GPIOMSP432E4.oem4f (.text:GPIO_setCallback)
                  000037f0    00000058     nortos_msp432e4.aem4f : ClockPSysTick_nortos.oem4f (.text:sysTickInit)
                  00003848    00000056     rtsv7M4_T_le_v4SPD16_eabi.lib : _printfi.c.obj (.text:_pconv_f)
                  0000389e    00000002     nortos_msp432e4.aem4f : startup_msp432e4_ccs.oem4f (.text:defaultHandler)
                  000038a0    00000054     drivers_msp432e4.aem4f : GPIOMSP432E4.oem4f (.text:GPIO_write)
                  000038f4    00000054     msp432e4_driverlib.a : interrupt.o (.text:IntPrioritySet)
                  00003948    00000054     rtsv7M4_T_le_v4SPD16_eabi.lib : _ltoa.c.obj (.text:__TI_ltoa)
                  0000399c    00000052                                   : _printfi.c.obj (.text:_ecpy)
                  000039ee    00000002     nortos_msp432e4.aem4f : startup_msp432e4_ccs.oem4f (.text:faultISR)
                  000039f0    00000050                           : ClockPSysTick_nortos.oem4f (.text:ClockP_sysTickHandler)
                  00003a40    00000050                           : SemaphoreP_nortos.oem4f (.text:SemaphoreP_construct)
                  00003a90    00000050     drivers_msp432e4.aem4f : UARTMSP432E4.oem4f (.text:UARTMSP432E4_hwiIntFxn)
                  00003ae0    0000004c                            : UARTMSP432E4.oem4f (.text:UARTMSP432E4_writePolling)
                  00003b2c    0000004c     rtsv7M4_T_le_v4SPD16_eabi.lib : atoi.c.obj (.text:atoi)
                  00003b78    0000004c     drivers_msp432e4.aem4f : UARTMSP432E4.oem4f (.text:ringBufGet)
                  00003bc4    00000048                            : UARTMSP432E4.oem4f (.text:UARTMSP432E4_writeCancel)
                  00003c0c    00000048     rtsv7M4_T_le_v4SPD16_eabi.lib : fd_toi_t2.asm.obj (.text)
                  00003c54    00000046     drivers_msp432e4.aem4f : RingBuf.oem4f (.text:RingBuf_put)
                  00003c9a    00000002     nortos_msp432e4.aem4f : startup_msp432e4_ccs.oem4f (.text:nmiISR)
                  00003c9c    00000044                           : ClockPSysTick_nortos.oem4f (.text:ClockP_stop)
                  00003ce0    00000044     msp432e4_driverlib.a : gpio.o (.text:GPIOPinConfigure)
                  00003d24    00000044     nortos_msp432e4.aem4f : SemaphoreP_nortos.oem4f (.text:SemaphoreP_post)
                  00003d68    00000044     msp432e4_driverlib.a : sysctl.o (.text:SysCtlPeripheralPresent)
                  00003dac    00000044                          : sysctl.o (.text:SysCtlPeripheralReady)
                  00003df0    00000044     drivers_msp432e4.aem4f : UART.oem4f (.text:UART_init)
                  00003e34    00000044     msp432e4_driverlib.a : sysctl.o (.text:_SysCtlMemTimingGet)
                  00003e78    00000044     rtsv7M4_T_le_v4SPD16_eabi.lib : autoinit.c.obj (.text:__TI_auto_init_nobinit_nopinit:__TI_auto_init_nobinit_nopinit)
                  00003ebc    00000040     nortos_msp432e4.aem4f : ClockPSysTick_nortos.oem4f (.text:ClockP_construct)
                  00003efc    00000040     drivers_msp432e4.aem4f : RingBuf.oem4f (.text:RingBuf_get)
                  00003f3c    00000040     msp432e4_driverlib.a : sysctl.o (.text:SysCtlPeripheralDisable)
                  00003f7c    00000040                          : sysctl.o (.text:SysCtlPeripheralEnable)
                  00003fbc    00000040                          : sysctl.o (.text:SysCtlPeripheralPowerOff)
                  00003ffc    00000040                          : sysctl.o (.text:SysCtlPeripheralPowerOn)
                  0000403c    00000040                          : sysctl.o (.text:SysCtlPeripheralSleepDisable)
                  0000407c    00000040                          : sysctl.o (.text:SysCtlPeripheralSleepEnable)
                  000040bc    00000040     drivers_msp432e4.aem4f : UARTMSP432E4.oem4f (.text:UARTMSP432E4_read)
                  000040fc    00000040                            : UART.oem4f (.text:UART_open)
                  0000413c    00000040     rtsv7M4_T_le_v4SPD16_eabi.lib : sprintf.c.obj (.text:sprintf)
                  0000417c    0000003e                                   : _printfi.c.obj (.text:_fcpy)
                  000041ba    00000002                                   : div0.asm.obj (.text)
                  000041bc    0000003c     nortos_msp432e4.aem4f : ClockPSysTick_nortos.oem4f (.text:ClockP_destruct)
                  000041f8    00000038                           : ClockPSysTick_nortos.oem4f (.text:addToList)
                  00004230    00000036     drivers_msp432e4.aem4f : UARTMSP432E4.oem4f (.text:UARTMSP432E4_readCancel)
                  00004266    00000002     --HOLE-- [fill = 0]
                  00004268    00000034     nortos_msp432e4.aem4f : ClockPSysTick_nortos.oem4f (.text:ClockP_startup)
                  0000429c    00000034     rtsv7M4_T_le_v4SPD16_eabi.lib : boot_cortex_m.c.obj (.text:_c_int00_noargs:_c_int00_noargs)
                  000042d0    00000030     ti_drivers_config.obj (.text:Board_init)
                  00004300    00000030     nortos_msp432e4.aem4f : ClockPSysTick_nortos.oem4f (.text:ClockP_start)
                  00004330    00000030     drivers_msp432e4.aem4f : GPIOMSP432E4.oem4f (.text:GPIOMSP432E4_undoPinConfig)
                  00004360    00000030     msp432e4_driverlib.a : uart.o (.text:UARTDisable)
                  00004390    0000002e     rtsv7M4_T_le_v4SPD16_eabi.lib : i_tofd_t2.asm.obj (.text)
                  000043be    00000002     --HOLE-- [fill = 0]
                  000043c0    0000002c     msp432e4_driverlib.a : sysctl.o (.text:SysCtlPeripheralClockGating)
                  000043ec    0000002a     nortos_msp432e4.aem4f : HwiPMSP432E4_nortos.oem4f (.text:HwiP_create)
                  00004416    00000002     --HOLE-- [fill = 0]
                  00004418    00000028     rtsv7M4_T_le_v4SPD16_eabi.lib : memory.c.obj (.text:free_list_insert)
                  00004440    00000024     msp432e4_driverlib.a : gpio.o (.text:GPIOPinTypeUART)
                  00004464    00000024     nortos_msp432e4.aem4f : HwiPMSP432E4_nortos.oem4f (.text:HwiP_dispatch)
                  00004488    00000024     msp432e4_driverlib.a : uart.o (.text:UARTCharPutNonBlocking)
                  000044ac    00000024                          : uart.o (.text:UARTEnable)
                  000044d0    00000022                          : gpio.o (.text:GPIOIntStatus)
                  000044f2    00000020                          : gpio.o (.text:GPIOPinWrite)
                  00004512    00000020     drivers_msp432e4.aem4f : RingBuf.oem4f (.text:RingBuf_peek)
                  00004532    00000020                            : GPIOMSP432E4.oem4f (.text:getGpioIntIndex)
                  00004552    00000002     --HOLE-- [fill = 0]
                  00004554    00000020     nortos_msp432e4.aem4f : startup_msp432e4_ccs.oem4f (.text:resetISR)
                  00004574    0000001e     msp432e4_driverlib.a : uart.o (.text:UARTBusy)
                  00004592    0000001e                          : uart.o (.text:UARTCharPut)
                  000045b0    0000001e                          : uart.o (.text:UARTCharsAvail)
                  000045ce    0000001e                          : uart.o (.text:UARTIntStatus)
                  000045ec    0000001c                          : interrupt.o (.text:IntUnregister)
                  00004608    0000001c                          : uart.o (.text:UARTCharGetNonBlocking)
                  00004624    0000001c                          : uart.o (.text:UARTFlowControlSet)
                  00004640    0000001c                          : uart.o (.text:UARTTxIntModeSet)
                  0000465c    0000001c     rtsv7M4_T_le_v4SPD16_eabi.lib : copy_zero_init.c.obj (.text:decompress:ZI:__TI_zero_init_nomemset:__TI_zero_init_nomemset)
                  00004678    0000001c                                   : memory.c.obj (.text:free_list_remove)
                  00004694    0000001c                                   : memccpy.c.obj (.text:memccpy)
                  000046b0    0000001a     nortos_msp432e4.aem4f : ClockPSysTick_nortos.oem4f (.text:ClockP_create)
                  000046ca    0000001a                           : SemaphoreP_nortos.oem4f (.text:SemaphoreP_createBinary)
                  000046e4    0000001a     rtsv7M4_T_le_v4SPD16_eabi.lib : s_copysign.c.obj (.text:copysign)
                  000046fe    00000002     --HOLE-- [fill = 0]
                  00004700    00000018     msp432e4_driverlib.a : fpu.o (.text:FPUEnable)
                  00004718    00000018     drivers_msp432e4.aem4f : PowerMSP432E4.oem4f (.text:Power_idleFunc)
                  00004730    00000018     msp432e4_driverlib.a : uart.o (.text:UARTFIFOLevelSet)
                  00004748    00000018                          : uart.o (.text:UARTIntDisable)
                  00004760    00000018                          : uart.o (.text:UARTIntEnable)
                  00004778    00000018     drivers_msp432e4.aem4f : UART.oem4f (.text:UART_Params_init)
                  00004790    00000018     rtsv7M4_T_le_v4SPD16_eabi.lib : sprintf.c.obj (.text:_outs)
                  000047a8    00000018                                   : strcmp.c.obj (.text:strcmp)
                  000047c0    00000016     nortos_msp432e4.aem4f : SemaphoreP_nortos.oem4f (.text:SemaphoreP_create)
                  000047d6    00000016     msp432e4_driverlib.a : uart.o (.text:UARTCharGet)
                  000047ec    00000016     rtsv7M4_T_le_v4SPD16_eabi.lib : strchr.c.obj (.text:strchr)
                  00004802    00000014     msp432e4_driverlib.a : gpio.o (.text:GPIOIntClear)
                  00004816    00000002     --HOLE-- [fill = 0]
                  00004818    00000014     drivers_msp432e4.aem4f : GPIOMSP432E4.oem4f (.text:GPIOMSP432E4_getGpioBaseAddr)
                  0000482c    00000014                            : GPIOMSP432E4.oem4f (.text:GPIOMSP432E4_getPowerResourceId)
                  00004840    00000014     nortos_msp432e4.aem4f : HwiPMSP432E4_nortos.oem4f (.text:HwiP_inISR)
                  00004854    00000014     drivers_msp432e4.aem4f : PowerMSP432E4.oem4f (.text:Power_disablePolicy)
                  00004868    00000014     rtsv7M4_T_le_v4SPD16_eabi.lib : strlen.c.obj (.text:strlen)
                  0000487c    00000012     nortos_msp432e4.aem4f : HwiPMSP432E4_nortos.oem4f (.text:HwiP_Params_init)
                  0000488e    00000012                           : HwiPMSP432E4_nortos.oem4f (.text:HwiP_destruct)
                  000048a0    00000012     drivers_msp432e4.aem4f : RingBuf.oem4f (.text:RingBuf_construct)
                  000048b2    00000012     msp432e4_driverlib.a : uart.o (.text:UARTIntClear)
                  000048c4    00000012                          : uart.o (.text:UARTRxErrorGet)
                  000048d6    00000012     main_nortos.obj (.text:main)
                  000048e8    00000012     rtsv7M4_T_le_v4SPD16_eabi.lib : wcslen.c.obj (.text:wcslen)
                  000048fa    00000010     nortos_msp432e4.aem4f : ClockPSysTick_nortos.oem4f (.text:ClockP_add)
                  0000490a    00000010                           : ClockPSysTick_nortos.oem4f (.text:ClockP_delete)
                  0000491a    00000002     --HOLE-- [fill = 0]
                  0000491c    00000010                           : ClockPSysTick_nortos.oem4f (.text:ClockP_getCpuFreq)
                  0000492c    00000010                           : HwiPMSP432E4_nortos.oem4f (.text:HwiP_delete)
                  0000493c    00000010     msp432e4_driverlib.a : interrupt.o (.text:IntMasterDisable)
                  0000494c    00000010                          : interrupt.o (.text:IntMasterEnable)
                  0000495c    00000010     nortos_msp432e4.aem4f : PowerMSP432E4_nortos.oem4f (.text:PowerMSP432E4_sleepPolicy)
                  0000496c    00000010     drivers_msp432e4.aem4f : PowerMSP432E4.oem4f (.text:Power_enablePolicy)
                  0000497c    00000010     nortos_msp432e4.aem4f : SemaphoreP_nortos.oem4f (.text:SemaphoreP_Params_init)
                  0000498c    00000010     msp432e4_driverlib.a : uart.o (.text:UARTRxErrorClear)
                  0000499c    00000010     drivers_msp432e4.aem4f : UARTMSP432E4.oem4f (.text:readBlockingTimeout)
                  000049ac    0000000e                            : RingBuf.oem4f (.text:RingBuf_isFull)
                  000049ba    0000000e     rtsv7M4_T_le_v4SPD16_eabi.lib : copy_decompress_none.c.obj (.text:decompress:none:__TI_decompress_none)
                  000049c8    0000000c     msp432e4_driverlib.a : cpu.o (.text:CPUcpsid)
                  000049d4    0000000c                          : cpu.o (.text:CPUcpsie)
                  000049e0    0000000a     nortos_msp432e4.aem4f : ClockPSysTick_nortos.oem4f (.text:ClockP_Params_init)
                  000049ea    0000000a                           : ClockPSysTick_nortos.oem4f (.text:ClockP_isActive)
                  000049f4    0000000a     drivers_msp432e4.aem4f : UART.oem4f (.text:UART_read)
                  000049fe    0000000a                            : UART.oem4f (.text:UART_write)
                  00004a08    0000000a     rtsv7M4_T_le_v4SPD16_eabi.lib : sprintf.c.obj (.text:_outc)
                  00004a12    00000008     nortos_msp432e4.aem4f : HwiPMSP432E4_nortos.oem4f (.text:HwiP_restore)
                  00004a1a    00000002     --HOLE-- [fill = 0]
                  00004a1c    00000008     rtsv7M4_T_le_v4SPD16_eabi.lib : errno.c.obj (.text:__aeabi_errno_addr)
                  00004a24    00000008                                   : memory.c.obj (.text:malloc)
                  00004a2c    00000008     drivers_msp432e4.aem4f : UARTMSP432E4.oem4f (.text:readSemCallback)
                  00004a34    00000008                            : UARTMSP432E4.oem4f (.text:writeSemCallback)
                  00004a3c    00000004     nortos_msp432e4.aem4f : ClockPSysTick_nortos.oem4f (.text:ClockP_setTimeout)
                  00004a40    00000004                           : HwiPMSP432E4_nortos.oem4f (.text:HwiP_disable)
                  00004a44    00000004                           : HwiPMSP432E4_nortos.oem4f (.text:HwiP_enable)
                  00004a48    00000004                           : SemaphoreP_nortos.oem4f (.text:SemaphoreP_delete)
                  00004a4c    00000004     rtsv7M4_T_le_v4SPD16_eabi.lib : pre_init.c.obj (.text:_system_pre_init)
                  00004a50    00000004                                   : exit.c.obj (.text:abort:abort)

.const     0    00004a54    0000064d     
                  00004a54    000001b0     msp432e4_driverlib.a : sysctl.o (.const:g_pppui32XTALtoVCO)
                  00004c04    00000101     rtsv7M4_T_le_v4SPD16_eabi.lib : ctype.c.obj (.const:.string:_ctypes_)
                  00004d05    00000003     drivers_msp432e4.aem4f : GPIOMSP432E4.oem4f (.const:.string:inPinTypes)
                  00004d08    0000009c     msp432e4_driverlib.a : interrupt.o (.const:g_pui32Regs)
                  00004da4    00000066     uartecho.obj (.const:.string:$P$T1$2)
                  00004e0a    00000002     --HOLE-- [fill = 0]
                  00004e0c    00000048     msp432e4_driverlib.a : gpio.o (.const:g_pui32GPIOBaseAddrs)
                  00004e54    00000048     drivers_msp432e4.aem4f : GPIOMSP432E4.oem4f (.const:gpioBaseAddresses)
                  00004e9c    00000048                            : GPIOMSP432E4.oem4f (.const:powerMgrIds)
                  00004ee4    00000030     msp432e4_driverlib.a : sysctl.o (.const:g_sXTALtoMEMTIM)
                  00004f14    0000002c     ti_drivers_config.obj (.const:uartMSP432E4HWAttrs)
                  00004f40    00000028     drivers_msp432e4.aem4f : UARTMSP432E4.oem4f (.const:UARTMSP432E4_fxnTable)
                  00004f68    00000028     msp432e4_driverlib.a : sysctl.o (.const:g_pui32Xtals)
                  00004f90    00000024     drivers_msp432e4.aem4f : UART.oem4f (.const:UART_defaultParams)
                  00004fb4    00000020                            : GPIOMSP432E4.oem4f (.const:.string:gpioInterruptVectors)
                  00004fd4    00000020                            : UARTMSP432E4.oem4f (.const:staticFxnTable)
                  00004ff4    00000015     uartecho.obj (.const:.string:$P$T0$1)
                  00005009    00000003     ti_drivers_config.obj (.const)
                  0000500c    00000014     ti_drivers_config.obj (.const:GPIOMSP432E4_config)
                  00005020    00000014     msp432e4_driverlib.a : interrupt.o (.const:g_pui32Dii16Regs)
                  00005034    00000014                          : interrupt.o (.const:g_pui32EnRegs)
                  00005048    00000014     drivers_msp432e4.aem4f : UARTMSP432E4.oem4f (.const:parityType)
                  0000505c    00000010                            : UARTMSP432E4.oem4f (.const:dataLength)
                  0000506c    0000000c     ti_drivers_config.obj (.const:UART_config)
                  00005078    00000008     ti_drivers_config.obj (.const:PowerMSP432E4_config)
                  00005080    00000008     msp432e4_driverlib.a : sysctl.o (.const:g_pui32VCOFrequencies)
                  00005088    00000008     drivers_msp432e4.aem4f : UARTMSP432E4.oem4f (.const:stopBits)
                  00005090    00000007                            : GPIOMSP432E4.oem4f (.const:.string:outPinStrengths)
                  00005097    00000006                            : GPIOMSP432E4.oem4f (.const:.string:interruptType)
                  0000509d    00000004                            : GPIOMSP432E4.oem4f (.const:.string:outPinTypes)

.cinit     0    000050a8    00000138     
                  000050a8    000000fd     (.cinit..data.load) [load image, compression = lzss]
                  000051a5    00000003     --HOLE-- [fill = 0]
                  000051a8    0000000c     (__TI_handler_table)
                  000051b4    00000004     --HOLE-- [fill = 0]
                  000051b8    00000008     (.cinit..bss.load) [load image, compression = zero_init]
                  000051c0    00000008     (.cinit..vtable.load) [load image, compression = zero_init]
                  000051c8    00000018     (__TI_cinit_table)

.init_array 
*          0    00000000    00000000     UNINITIALIZED

.vtable    0    20000000    0000026c     UNINITIALIZED
                  20000000    0000026c     msp432e4_driverlib.a : interrupt.o (.vtable)

.sysmem    0    20000270    00008000     UNINITIALIZED
                  20000270    00000010     rtsv7M4_T_le_v4SPD16_eabi.lib : memory.c.obj (.sysmem)
                  20000280    00007ff0     --HOLE--

.data      0    20008270    00000410     UNINITIALIZED
                  20008270    0000026c     nortos_msp432e4.aem4f : HwiPMSP432E4_nortos.oem4f (.data:HwiP_dispatchTable)
                  200084dc    0000016c     drivers_msp432e4.aem4f : PowerMSP432E4.oem4f (.data:PowerMSP432E4_module)
                  20008648    00000008     rtsv7M4_T_le_v4SPD16_eabi.lib : _lock.c.obj (.data:$O1$$)
                  20008650    00000008                                   : memory.c.obj (.data:$O1$$)
                  20008658    00000008     nortos_msp432e4.aem4f : SemaphoreP_nortos.oem4f (.data:SemaphoreP_defaultParams)
                  20008660    00000005     drivers_msp432e4.aem4f : GPIOMSP432E4.oem4f (.data)
                  20008665    00000003     nortos_msp432e4.aem4f : SemaphoreP_nortos.oem4f (.data)
                  20008668    00000005                           : ClockPSysTick_nortos.oem4f (.data)
                  2000866d    00000001     drivers_msp432e4.aem4f : UART.oem4f (.data)
                  2000866e    00000002     --HOLE--
                  20008670    00000004     ti_drivers_config.obj (.data:gpioCallbackFunctions)
                  20008674    00000004     ti_drivers_config.obj (.data:gpioPinConfigs)
                  20008678    00000004     nortos_msp432e4.aem4f : HwiPMSP432E4_nortos.oem4f (.data)
                  2000867c    00000004     rtsv7M4_T_le_v4SPD16_eabi.lib : errno.c.obj (.data)

.bss       0    20008680    0000012c     UNINITIALIZED
                  20008680    00000090     drivers_msp432e4.aem4f : GPIOMSP432E4.oem4f (.bss:gpioCallbackInfo)
                  20008710    00000064     (.common:uartMSP432E4Objects)
                  20008774    00000020     ti_drivers_config.obj (.bss:uartMSP432E4RingBuffer0)
                  20008794    00000004     drivers_msp432e4.aem4f : GPIOMSP432E4.oem4f (.bss)
                  20008798    00000010     (.common:ClockP_ctrl)
                  200087a8    00000004     nortos_msp432e4.aem4f : ClockPSysTick_nortos.oem4f (.bss)

.stack     0    2003f000    00001000     UNINITIALIZED
                  2003f000    00000004     rtsv7M4_T_le_v4SPD16_eabi.lib : boot_cortex_m.c.obj (.stack)
                  2003f004    00000ffc     --HOLE--

__llvm_prf_cnts 
*          0    20000000    00000000     UNINITIALIZED

.binit     0    00000000    00000000     

MODULE SUMMARY

       Module                       code    ro data   rw data
       ------                       ----    -------   -------
    .\
       uartecho.obj                 440     123       0      
       main_nortos.obj              18      0         0      
    +--+----------------------------+-------+---------+---------+
       Total:                       458     123       0      
                                                             
    .\syscfg\
       ti_drivers_config.obj        50      87        140    
    +--+----------------------------+-------+---------+---------+
       Total:                       50      87        140    
                                                             
    C:/ti/simplelink_msp432e4_sdk_4_20_00_12/kernel/nortos/lib/nortos_msp432e4.aem4f
       HwiPMSP432E4_nortos.oem4f    278     0         624    
       ClockPSysTick_nortos.oem4f   614     0         25     
       startup_msp432e4_ccs.oem4f   40      512       0      
       SemaphoreP_nortos.oem4f      378     0         11     
       PowerMSP432E4_nortos.oem4f   16      0         0      
    +--+----------------------------+-------+---------+---------+
       Total:                       1326    512       660    
                                                             
    C:/ti/simplelink_msp432e4_sdk_4_20_00_12/source/ti/devices/msp432e4/driverlib/lib/ccs/m4f/msp432e4_driverlib.a
       sysctl.o                     1512    528       0      
       interrupt.o                  494     196       620    
       gpio.o                       1016    72        0      
       uart.o                       588     0         0      
       cpu.o                        24      0         0      
       fpu.o                        24      0         0      
    +--+----------------------------+-------+---------+---------+
       Total:                       3658    796       620    
                                                             
    C:/ti/simplelink_msp432e4_sdk_4_20_00_12/source/ti/drivers/lib/drivers_msp432e4.aem4f
       UARTMSP432E4.oem4f           2914    116       0      
       GPIOMSP432E4.oem4f           956     196       153    
       PowerMSP432E4.oem4f          372     0         364    
       UART.oem4f                   176     36        1      
       RingBuf.oem4f                198     0         0      
    +--+----------------------------+-------+---------+---------+
       Total:                       4616    348       518    
                                                             
    D:\code composer\ccs\tools\compiler\ti-cgt-arm_20.2.7.LTS\lib\rtsv7M4_T_le_v4SPD16_eabi.lib
       _printfi.c.obj               4851    0         0      
       memory.c.obj                 672     0         8      
       fd_add_t2.asm.obj            438     0         0      
       fd_div_t2.asm.obj            310     0         0      
       s_scalbn.c.obj               272     0         0      
       fd_cmp_t2.asm.obj            268     0         0      
       ctype.c.obj                  0       257       0      
       fd_mul_t2.asm.obj            252     0         0      
       memcpy_t2.asm.obj            156     0         0      
       ull_div_t2.asm.obj           150     0         0      
       memset_t2.asm.obj            122     0         0      
       copy_decompress_lzss.c.obj   104     0         0      
       s_frexp.c.obj                100     0         0      
       sprintf.c.obj                98      0         0      
       _ltoa.c.obj                  84      0         0      
       atoi.c.obj                   76      0         0      
       fd_toi_t2.asm.obj            72      0         0      
       autoinit.c.obj               68      0         0      
       boot_cortex_m.c.obj          52      0         0      
       i_tofd_t2.asm.obj            46      0         0      
       copy_zero_init.c.obj         28      0         0      
       memccpy.c.obj                28      0         0      
       s_copysign.c.obj             26      0         0      
       strcmp.c.obj                 24      0         0      
       strchr.c.obj                 22      0         0      
       strlen.c.obj                 20      0         0      
       wcslen.c.obj                 18      0         0      
       copy_decompress_none.c.obj   14      0         0      
       errno.c.obj                  8       0         4      
       _lock.c.obj                  2       0         8      
       exit.c.obj                   4       0         0      
       pre_init.c.obj               4       0         0      
       div0.asm.obj                 2       0         0      
    +--+----------------------------+-------+---------+---------+
       Total:                       8391    257       20     
                                                             
       Heap:                        0       0         32768  
       Stack:                       0       0         4096   
       Linker Generated:            0       305       0      
    +--+----------------------------+-------+---------+---------+
       Grand Total:                 18499   2428      38822  


LINKER GENERATED COPY TABLES

__TI_cinit_table @ 000051c8 records: 3, size/record: 8, table size: 24
	.data: load addr=000050a8, load size=000000fd bytes, run addr=20008270, run size=00000410 bytes, compression=lzss
	.bss: load addr=000051b8, load size=00000008 bytes, run addr=20008680, run size=0000012c bytes, compression=zero_init
	.vtable: load addr=000051c0, load size=00000008 bytes, run addr=20000000, run size=0000026c bytes, compression=zero_init


LINKER GENERATED HANDLER TABLE

__TI_handler_table @ 000051a8 records: 3, size/record: 4, table size: 12
	index: 0, handler: __TI_zero_init
	index: 1, handler: __TI_decompress_lzss
	index: 2, handler: __TI_decompress_none


GLOBAL SYMBOLS: SORTED ALPHABETICALLY BY Name 

address   name                           
-------   ----                           
000042d1  Board_init                     
00000c4f  Board_initHook                 
00004a51  C$$EXIT                        
00005009  CONFIG_GPIO_LED_0_CONST        
0000500a  CONFIG_UART_0_CONST            
000049c9  CPUcpsid                       
000049d5  CPUcpsie                       
000049e1  ClockP_Params_init             
000048fb  ClockP_add                     
00003ebd  ClockP_construct               
000046b1  ClockP_create                  
20008798  ClockP_ctrl                    
0000490b  ClockP_delete                  
000041bd  ClockP_destruct                
000039f1  ClockP_doTick                  
0000491d  ClockP_getCpuFreq              
000049eb  ClockP_isActive                
00004a3d  ClockP_setTimeout              
00004301  ClockP_start                   
00004269  ClockP_startup                 
00003c9d  ClockP_stop                    
000039f1  ClockP_sysTickHandler          
20008668  ClockP_tickPeriod              
00004701  FPUEnable                      
00003685  GPIODirModeSet                 
00004803  GPIOIntClear                   
000044d1  GPIOIntStatus                  
0000289d  GPIOIntTypeSet                 
0000500c  GPIOMSP432E4_config            
00004819  GPIOMSP432E4_getGpioBaseAddr   
0000482d  GPIOMSP432E4_getPowerResourceId
00004331  GPIOMSP432E4_undoPinConfig     
00001491  GPIOPadConfigSet               
00003ce1  GPIOPinConfigure               
00004441  GPIOPinTypeUART                
000044f3  GPIOPinWrite                   
000033b9  GPIO_hwiIntFxn                 
000027f1  GPIO_init                      
00003799  GPIO_setCallback               
00001c0d  GPIO_setConfig                 
000038a1  GPIO_write                     
0000487d  HwiP_Params_init               
000031fd  HwiP_construct                 
000043ed  HwiP_create                    
0000492d  HwiP_delete                    
0000488f  HwiP_destruct                  
00004a41  HwiP_disable                   
00004a45  HwiP_enable                    
00004841  HwiP_inISR                     
00004a13  HwiP_restore                   
20008678  HwiP_swiPIntNum                
00002f91  IntDisable                     
00003011  IntEnable                      
0000493d  IntMasterDisable               
0000494d  IntMasterEnable                
000038f5  IntPrioritySet                 
000036e1  IntRegister                    
000045ed  IntUnregister                  
00004a45  NoRTOS_start                   
00005078  PowerMSP432E4_config           
200084dc  PowerMSP432E4_module           
0000495d  PowerMSP432E4_sleepPolicy      
00004855  Power_disablePolicy            
0000496d  Power_enablePolicy             
00004719  Power_idleFunc                 
00003559  Power_init                     
0000334d  Power_releaseDependency        
00003421  Power_setDependency            
000048a1  RingBuf_construct              
00003efd  RingBuf_get                    
000049ad  RingBuf_isFull                 
00004513  RingBuf_peek                   
00003c55  RingBuf_put                    
0000497d  SemaphoreP_Params_init         
00003a41  SemaphoreP_construct           
000047c1  SemaphoreP_create              
000046cb  SemaphoreP_createBinary        
20008658  SemaphoreP_defaultParams       
00004a49  SemaphoreP_delete              
00002941  SemaphoreP_pend                
00003d25  SemaphoreP_post                
00000f41  SysCtlClockFreqSet             
000043c1  SysCtlPeripheralClockGating    
00003f3d  SysCtlPeripheralDisable        
00003f7d  SysCtlPeripheralEnable         
00003fbd  SysCtlPeripheralPowerOff       
00003ffd  SysCtlPeripheralPowerOn        
00003d69  SysCtlPeripheralPresent        
00003dad  SysCtlPeripheralReady          
0000403d  SysCtlPeripheralSleepDisable   
0000407d  SysCtlPeripheralSleepEnable    
00004575  UARTBusy                       
000047d7  UARTCharGet                    
00004609  UARTCharGetNonBlocking         
00004593  UARTCharPut                    
00004489  UARTCharPutNonBlocking         
000045b1  UARTCharsAvail                 
00003187  UARTConfigSetExpClk            
00004361  UARTDisable                    
000044ad  UARTEnable                     
00004731  UARTFIFOLevelSet               
00004625  UARTFlowControlSet             
000048b3  UARTIntClear                   
00004749  UARTIntDisable                 
00004761  UARTIntEnable                  
000045cf  UARTIntStatus                  
00002519  UARTMSP432E4_close             
00002cdd  UARTMSP432E4_control           
00004f40  UARTMSP432E4_fxnTable          
000016cb  UARTMSP432E4_init              
00000c51  UARTMSP432E4_open              
000040bd  UARTMSP432E4_read              
00004231  UARTMSP432E4_readCancel        
000029e1  UARTMSP432E4_readPolling       
00002b1b  UARTMSP432E4_write             
00003bc5  UARTMSP432E4_writeCancel       
00003ae1  UARTMSP432E4_writePolling      
0000498d  UARTRxErrorClear               
000048c5  UARTRxErrorGet                 
00004641  UARTTxIntModeSet               
00004779  UART_Params_init               
0000506c  UART_config                    
0000500b  UART_count                     
00004f90  UART_defaultParams             
00003df1  UART_init                      
000040fd  UART_open                      
000049f5  UART_read                      
000049ff  UART_write                     
20040000  __STACK_END                    
00001000  __STACK_SIZE                   
00008000  __SYSMEM_SIZE                  
000051c8  __TI_CINIT_Base                
000051e0  __TI_CINIT_Limit               
000051a8  __TI_Handler_Table_Base        
000051b4  __TI_Handler_Table_Limit       
00003e79  __TI_auto_init_nobinit_nopinit 
00003489  __TI_decompress_lzss           
000049bb  __TI_decompress_none           
00003949  __TI_ltoa                      
ffffffff  __TI_pprof_out_hndl            
00000201  __TI_printfi                   
ffffffff  __TI_prof_data_size            
ffffffff  __TI_prof_data_start           
000050a8  __TI_static_base__             
0000465d  __TI_zero_init_nomemset        
00002e85  __aeabi_cdcmpeq                
00002e85  __aeabi_cdcmple                
00002f0b  __aeabi_cdrcmple               
00003c0d  __aeabi_d2iz                   
00001a5f  __aeabi_dadd                   
00001ecd  __aeabi_ddiv                   
00002339  __aeabi_dmul                   
00001a55  __aeabi_dsub                   
00004a1d  __aeabi_errno_addr             
00004391  __aeabi_i2d                    
000041bb  __aeabi_idiv0                  
000041bb  __aeabi_ldiv0                  
0000310d  __aeabi_memclr                 
0000310d  __aeabi_memclr4                
0000310d  __aeabi_memclr8                
00002a7f  __aeabi_memcpy                 
00002a7f  __aeabi_memcpy4                
00002a7f  __aeabi_memcpy8                
0000310f  __aeabi_memset                 
0000310f  __aeabi_memset4                
0000310f  __aeabi_memset8                
00002bb3  __aeabi_uldivmod               
ffffffff  __binit__                      
ffffffff  __c_args__                     
UNDEFED   __mpu_init                     
2003f000  __stack                        
20000000  __start___llvm_prf_cnts        
20000000  __stop___llvm_prf_cnts         
0000429d  _c_int00_noargs                
00004c04  _ctypes_                       
20008648  _lock                          
00002003  _nop                           
20000270  _sys_memory                    
UNDEFED   _system_post_cinit             
00004a4d  _system_pre_init               
2000864c  _unlock                        
00004a51  abort                          
00002239  aligned_alloc                  
00003b2d  atoi                           
ffffffff  binit                          
0000334b  clkFxn                         
000046e5  copysign                       
000046e5  copysignl                      
2000867c  errno                          
00002435  free                           
000035bd  frexp                          
000035bd  frexpl                         
20000000  g_pfnRAMVectors                
20008670  gpioCallbackFunctions          
20008674  gpioPinConfigs                 
00002129  ldexp                          
00002129  ldexpl                         
000048d7  main                           
0000189d  mainThread                     
00004a25  malloc                         
00002239  memalign                       
00004695  memccpy                        
00002a7f  memcpy                         
00003115  memset                         
00004555  resetISR                       
00000000  resetVectors                   
00002129  scalbn                         
00002129  scalbnl                        
0000413d  sprintf                        
000047ed  strchr                         
000047a9  strcmp                         
00004869  strlen                         
20008710  uartMSP432E4Objects            
000048e9  wcslen                         


GLOBAL SYMBOLS: SORTED BY Symbol Address 

address   name                           
-------   ----                           
00000000  resetVectors                   
00000201  __TI_printfi                   
00000c4f  Board_initHook                 
00000c51  UARTMSP432E4_open              
00000f41  SysCtlClockFreqSet             
00001000  __STACK_SIZE                   
00001491  GPIOPadConfigSet               
000016cb  UARTMSP432E4_init              
0000189d  mainThread                     
00001a55  __aeabi_dsub                   
00001a5f  __aeabi_dadd                   
00001c0d  GPIO_setConfig                 
00001ecd  __aeabi_ddiv                   
00002003  _nop                           
00002129  ldexp                          
00002129  ldexpl                         
00002129  scalbn                         
00002129  scalbnl                        
00002239  aligned_alloc                  
00002239  memalign                       
00002339  __aeabi_dmul                   
00002435  free                           
00002519  UARTMSP432E4_close             
000027f1  GPIO_init                      
0000289d  GPIOIntTypeSet                 
00002941  SemaphoreP_pend                
000029e1  UARTMSP432E4_readPolling       
00002a7f  __aeabi_memcpy                 
00002a7f  __aeabi_memcpy4                
00002a7f  __aeabi_memcpy8                
00002a7f  memcpy                         
00002b1b  UARTMSP432E4_write             
00002bb3  __aeabi_uldivmod               
00002cdd  UARTMSP432E4_control           
00002e85  __aeabi_cdcmpeq                
00002e85  __aeabi_cdcmple                
00002f0b  __aeabi_cdrcmple               
00002f91  IntDisable                     
00003011  IntEnable                      
0000310d  __aeabi_memclr                 
0000310d  __aeabi_memclr4                
0000310d  __aeabi_memclr8                
0000310f  __aeabi_memset                 
0000310f  __aeabi_memset4                
0000310f  __aeabi_memset8                
00003115  memset                         
00003187  UARTConfigSetExpClk            
000031fd  HwiP_construct                 
0000334b  clkFxn                         
0000334d  Power_releaseDependency        
000033b9  GPIO_hwiIntFxn                 
00003421  Power_setDependency            
00003489  __TI_decompress_lzss           
00003559  Power_init                     
000035bd  frexp                          
000035bd  frexpl                         
00003685  GPIODirModeSet                 
000036e1  IntRegister                    
00003799  GPIO_setCallback               
000038a1  GPIO_write                     
000038f5  IntPrioritySet                 
00003949  __TI_ltoa                      
000039f1  ClockP_doTick                  
000039f1  ClockP_sysTickHandler          
00003a41  SemaphoreP_construct           
00003ae1  UARTMSP432E4_writePolling      
00003b2d  atoi                           
00003bc5  UARTMSP432E4_writeCancel       
00003c0d  __aeabi_d2iz                   
00003c55  RingBuf_put                    
00003c9d  ClockP_stop                    
00003ce1  GPIOPinConfigure               
00003d25  SemaphoreP_post                
00003d69  SysCtlPeripheralPresent        
00003dad  SysCtlPeripheralReady          
00003df1  UART_init                      
00003e79  __TI_auto_init_nobinit_nopinit 
00003ebd  ClockP_construct               
00003efd  RingBuf_get                    
00003f3d  SysCtlPeripheralDisable        
00003f7d  SysCtlPeripheralEnable         
00003fbd  SysCtlPeripheralPowerOff       
00003ffd  SysCtlPeripheralPowerOn        
0000403d  SysCtlPeripheralSleepDisable   
0000407d  SysCtlPeripheralSleepEnable    
000040bd  UARTMSP432E4_read              
000040fd  UART_open                      
0000413d  sprintf                        
000041bb  __aeabi_idiv0                  
000041bb  __aeabi_ldiv0                  
000041bd  ClockP_destruct                
00004231  UARTMSP432E4_readCancel        
00004269  ClockP_startup                 
0000429d  _c_int00_noargs                
000042d1  Board_init                     
00004301  ClockP_start                   
00004331  GPIOMSP432E4_undoPinConfig     
00004361  UARTDisable                    
00004391  __aeabi_i2d                    
000043c1  SysCtlPeripheralClockGating    
000043ed  HwiP_create                    
00004441  GPIOPinTypeUART                
00004489  UARTCharPutNonBlocking         
000044ad  UARTEnable                     
000044d1  GPIOIntStatus                  
000044f3  GPIOPinWrite                   
00004513  RingBuf_peek                   
00004555  resetISR                       
00004575  UARTBusy                       
00004593  UARTCharPut                    
000045b1  UARTCharsAvail                 
000045cf  UARTIntStatus                  
000045ed  IntUnregister                  
00004609  UARTCharGetNonBlocking         
00004625  UARTFlowControlSet             
00004641  UARTTxIntModeSet               
0000465d  __TI_zero_init_nomemset        
00004695  memccpy                        
000046b1  ClockP_create                  
000046cb  SemaphoreP_createBinary        
000046e5  copysign                       
000046e5  copysignl                      
00004701  FPUEnable                      
00004719  Power_idleFunc                 
00004731  UARTFIFOLevelSet               
00004749  UARTIntDisable                 
00004761  UARTIntEnable                  
00004779  UART_Params_init               
000047a9  strcmp                         
000047c1  SemaphoreP_create              
000047d7  UARTCharGet                    
000047ed  strchr                         
00004803  GPIOIntClear                   
00004819  GPIOMSP432E4_getGpioBaseAddr   
0000482d  GPIOMSP432E4_getPowerResourceId
00004841  HwiP_inISR                     
00004855  Power_disablePolicy            
00004869  strlen                         
0000487d  HwiP_Params_init               
0000488f  HwiP_destruct                  
000048a1  RingBuf_construct              
000048b3  UARTIntClear                   
000048c5  UARTRxErrorGet                 
000048d7  main                           
000048e9  wcslen                         
000048fb  ClockP_add                     
0000490b  ClockP_delete                  
0000491d  ClockP_getCpuFreq              
0000492d  HwiP_delete                    
0000493d  IntMasterDisable               
0000494d  IntMasterEnable                
0000495d  PowerMSP432E4_sleepPolicy      
0000496d  Power_enablePolicy             
0000497d  SemaphoreP_Params_init         
0000498d  UARTRxErrorClear               
000049ad  RingBuf_isFull                 
000049bb  __TI_decompress_none           
000049c9  CPUcpsid                       
000049d5  CPUcpsie                       
000049e1  ClockP_Params_init             
000049eb  ClockP_isActive                
000049f5  UART_read                      
000049ff  UART_write                     
00004a13  HwiP_restore                   
00004a1d  __aeabi_errno_addr             
00004a25  malloc                         
00004a3d  ClockP_setTimeout              
00004a41  HwiP_disable                   
00004a45  HwiP_enable                    
00004a45  NoRTOS_start                   
00004a49  SemaphoreP_delete              
00004a4d  _system_pre_init               
00004a51  C$$EXIT                        
00004a51  abort                          
00004c04  _ctypes_                       
00004f40  UARTMSP432E4_fxnTable          
00004f90  UART_defaultParams             
00005009  CONFIG_GPIO_LED_0_CONST        
0000500a  CONFIG_UART_0_CONST            
0000500b  UART_count                     
0000500c  GPIOMSP432E4_config            
0000506c  UART_config                    
00005078  PowerMSP432E4_config           
000050a8  __TI_static_base__             
000051a8  __TI_Handler_Table_Base        
000051b4  __TI_Handler_Table_Limit       
000051c8  __TI_CINIT_Base                
000051e0  __TI_CINIT_Limit               
00008000  __SYSMEM_SIZE                  
20000000  __start___llvm_prf_cnts        
20000000  __stop___llvm_prf_cnts         
20000000  g_pfnRAMVectors                
20000270  _sys_memory                    
200084dc  PowerMSP432E4_module           
20008648  _lock                          
2000864c  _unlock                        
20008658  SemaphoreP_defaultParams       
20008668  ClockP_tickPeriod              
20008670  gpioCallbackFunctions          
20008674  gpioPinConfigs                 
20008678  HwiP_swiPIntNum                
2000867c  errno                          
20008710  uartMSP432E4Objects            
20008798  ClockP_ctrl                    
2003f000  __stack                        
20040000  __STACK_END                    
ffffffff  __TI_pprof_out_hndl            
ffffffff  __TI_prof_data_size            
ffffffff  __TI_prof_data_start           
ffffffff  __binit__                      
ffffffff  __c_args__                     
ffffffff  binit                          
UNDEFED   __mpu_init                     
UNDEFED   _system_post_cinit             

[214 symbols]
